Component: ARM Compiler 5.06 update 1 (build 61) Tool: armlink [4d35a8]

==============================================================================

Section Cross References

    startup_stm32f411xe.o(STACK) refers (Special) to heapauxi.o(.text) for __use_two_region_memory
    startup_stm32f411xe.o(HEAP) refers (Special) to heapauxi.o(.text) for __use_two_region_memory
    startup_stm32f411xe.o(RESET) refers (Special) to heapauxi.o(.text) for __use_two_region_memory
    startup_stm32f411xe.o(RESET) refers to startup_stm32f411xe.o(STACK) for __initial_sp
    startup_stm32f411xe.o(RESET) refers to startup_stm32f411xe.o(.text) for Reset_Handler
    startup_stm32f411xe.o(RESET) refers to stm32f4xx_it.o(i.NMI_Handler) for NMI_Handler
    startup_stm32f411xe.o(RESET) refers to stm32f4xx_it.o(i.HardFault_Handler) for HardFault_Handler
    startup_stm32f411xe.o(RESET) refers to stm32f4xx_it.o(i.MemManage_Handler) for MemManage_Handler
    startup_stm32f411xe.o(RESET) refers to stm32f4xx_it.o(i.BusFault_Handler) for BusFault_Handler
    startup_stm32f411xe.o(RESET) refers to stm32f4xx_it.o(i.UsageFault_Handler) for UsageFault_Handler
    startup_stm32f411xe.o(RESET) refers to stm32f4xx_it.o(i.SVC_Handler) for SVC_Handler
    startup_stm32f411xe.o(RESET) refers to stm32f4xx_it.o(i.DebugMon_Handler) for DebugMon_Handler
    startup_stm32f411xe.o(RESET) refers to stm32f4xx_it.o(i.PendSV_Handler) for PendSV_Handler
    startup_stm32f411xe.o(RESET) refers to stm32f4xx_it.o(i.SysTick_Handler) for SysTick_Handler
    startup_stm32f411xe.o(RESET) refers to stm32f4xx_it.o(i.EXTI4_IRQHandler) for EXTI4_IRQHandler
    startup_stm32f411xe.o(RESET) refers to stm32f4xx_it.o(i.DMA1_Stream5_IRQHandler) for DMA1_Stream5_IRQHandler
    startup_stm32f411xe.o(RESET) refers to stm32f4xx_it.o(i.EXTI9_5_IRQHandler) for EXTI9_5_IRQHandler
    startup_stm32f411xe.o(RESET) refers to stm32f4xx_it.o(i.TIM1_UP_TIM10_IRQHandler) for TIM1_UP_TIM10_IRQHandler
    startup_stm32f411xe.o(RESET) refers to stm32f4xx_it.o(i.USART2_IRQHandler) for USART2_IRQHandler
    startup_stm32f411xe.o(RESET) refers to stm32f4xx_it.o(i.EXTI15_10_IRQHandler) for EXTI15_10_IRQHandler
    startup_stm32f411xe.o(.text) refers (Special) to heapauxi.o(.text) for __use_two_region_memory
    startup_stm32f411xe.o(.text) refers to system_stm32f4xx.o(i.SystemInit) for SystemInit
    startup_stm32f411xe.o(.text) refers to __main.o(!!!main) for __main
    startup_stm32f411xe.o(.text) refers to startup_stm32f411xe.o(HEAP) for Heap_Mem
    startup_stm32f411xe.o(.text) refers to startup_stm32f411xe.o(STACK) for Stack_Mem
    main.o(i.HAL_GPIO_EXTI_Callback) refers to main.o(.data) for .data
    main.o(i.HAL_TIM_PeriodElapsedCallback) refers to stm32f4xx_hal_gpio.o(i.HAL_GPIO_TogglePin) for HAL_GPIO_TogglePin
    main.o(i.HAL_TIM_PeriodElapsedCallback) refers to ute_ai.o(i.Run) for Run
    main.o(i.HAL_TIM_PeriodElapsedCallback) refers to main.o(.data) for .data
    main.o(i.HAL_TIM_PeriodElapsedCallback) refers to main.o(.bss) for .bss
    main.o(i.HAL_UARTEx_RxEventCallback) refers to stm32f4xx_hal_uart.o(i.HAL_UART_DMAStop) for HAL_UART_DMAStop
    main.o(i.HAL_UARTEx_RxEventCallback) refers to stm32f4xx_hal_uart.o(i.HAL_UARTEx_ReceiveToIdle_DMA) for HAL_UARTEx_ReceiveToIdle_DMA
    main.o(i.HAL_UARTEx_RxEventCallback) refers to usart.o(.bss) for huart2
    main.o(i.HAL_UARTEx_RxEventCallback) refers to main.o(.data) for .data
    main.o(i.HAL_UART_ErrorCallback) refers to stm32f4xx_hal_uart.o(i.HAL_UART_DMAStop) for HAL_UART_DMAStop
    main.o(i.HAL_UART_ErrorCallback) refers to stm32f4xx_hal_uart.o(i.HAL_UARTEx_ReceiveToIdle_DMA) for HAL_UARTEx_ReceiveToIdle_DMA
    main.o(i.HAL_UART_ErrorCallback) refers to usart.o(.bss) for huart2
    main.o(i.HAL_UART_ErrorCallback) refers to main.o(.data) for .data
    main.o(i.SystemClock_Config) refers to rt_memclr_w.o(.text) for __aeabi_memclr4
    main.o(i.SystemClock_Config) refers to stm32f4xx_hal_rcc.o(i.HAL_RCC_OscConfig) for HAL_RCC_OscConfig
    main.o(i.SystemClock_Config) refers to stm32f4xx_hal_rcc.o(i.HAL_RCC_ClockConfig) for HAL_RCC_ClockConfig
    main.o(i.main) refers to stm32f4xx_hal.o(i.HAL_Init) for HAL_Init
    main.o(i.main) refers to main.o(i.SystemClock_Config) for SystemClock_Config
    main.o(i.main) refers to gpio.o(i.MX_GPIO_Init) for MX_GPIO_Init
    main.o(i.main) refers to dma.o(i.MX_DMA_Init) for MX_DMA_Init
    main.o(i.main) refers to tim.o(i.MX_TIM2_Init) for MX_TIM2_Init
    main.o(i.main) refers to tim.o(i.MX_TIM3_Init) for MX_TIM3_Init
    main.o(i.main) refers to tim.o(i.MX_TIM1_Init) for MX_TIM1_Init
    main.o(i.main) refers to usart.o(i.MX_USART2_UART_Init) for MX_USART2_UART_Init
    main.o(i.main) refers to esc.o(i.ESC_Init) for ESC_Init
    main.o(i.main) refers to servo.o(i.SERVO_Init) for SERVO_Init
    main.o(i.main) refers to stm32f4xx_hal_tim.o(i.HAL_TIM_Base_Start_IT) for HAL_TIM_Base_Start_IT
    main.o(i.main) refers to stm32f4xx_hal_uart.o(i.HAL_UART_DMAStop) for HAL_UART_DMAStop
[...]
    ../Drivers/STM32F4xx_HAL_Driver/Src/stm32f4xx_hal_flash_ex.c 0x00000000   Number         0  stm32f4xx_hal_flash_ex.o ABSOLUTE
    ../Drivers/STM32F4xx_HAL_Driver/Src/stm32f4xx_hal_flash_ramfunc.c 0x00000000   Number         0  stm32f4xx_hal_flash_ramfunc.o ABSOLUTE
    ../Drivers/STM32F4xx_HAL_Driver/Src/stm32f4xx_hal_gpio.c 0x00000000   Number         0  stm32f4xx_hal_gpio.o ABSOLUTE
    ../Drivers/STM32F4xx_HAL_Driver/Src/stm32f4xx_hal_pwr.c 0x00000000   Number         0  stm32f4xx_hal_pwr.o ABSOLUTE
    ../Drivers/STM32F4xx_HAL_Driver/Src/stm32f4xx_hal_pwr_ex.c 0x00000000   Number         0  stm32f4xx_hal_pwr_ex.o ABSOLUTE
    ../Drivers/STM32F4xx_HAL_Driver/Src/stm32f4xx_hal_rcc.c 0x00000000   Number         0  stm32f4xx_hal_rcc.o ABSOLUTE
    ../Drivers/STM32F4xx_HAL_Driver/Src/stm32f4xx_hal_rcc_ex.c 0x00000000   Number         0  stm32f4xx_hal_rcc_ex.o ABSOLUTE
    ../Drivers/STM32F4xx_HAL_Driver/Src/stm32f4xx_hal_tim.c 0x00000000   Number         0  stm32f4xx_hal_tim.o ABSOLUTE
    ../Drivers/STM32F4xx_HAL_Driver/Src/stm32f4xx_hal_tim_ex.c 0x00000000   Number         0  stm32f4xx_hal_tim_ex.o ABSOLUTE
    ../Drivers/STM32F4xx_HAL_Driver/Src/stm32f4xx_hal_uart.c 0x00000000   Number         0  stm32f4xx_hal_uart.o ABSOLUTE
    ../clib/angel/boardlib.s                 0x00000000   Number         0  boardshut.o ABSOLUTE
    ../clib/angel/boardlib.s                 0x00000000   Number         0  boardinit3.o ABSOLUTE
    ../clib/angel/boardlib.s                 0x00000000   Number         0  boardinit2.o ABSOLUTE
    ../clib/angel/boardlib.s                 0x00000000   Number         0  boardinit1.o ABSOLUTE
    ../clib/angel/handlers.s                 0x00000000   Number         0  __scatter_zi.o ABSOLUTE
    ../clib/angel/handlers.s                 0x00000000   Number         0  __scatter_copy.o ABSOLUTE
    ../clib/angel/kernel.s                   0x00000000   Number         0  rtexit2.o ABSOLUTE
    ../clib/angel/kernel.s                   0x00000000   Number         0  __rtentry4.o ABSOLUTE
    ../clib/angel/kernel.s                   0x00000000   Number         0  __rtentry2.o ABSOLUTE
    ../clib/angel/kernel.s                   0x00000000   Number         0  __rtentry.o ABSOLUTE
    ../clib/angel/kernel.s                   0x00000000   Number         0  rtexit.o ABSOLUTE
    ../clib/angel/rt.s                       0x00000000   Number         0  rt_raise.o ABSOLUTE
    ../clib/angel/rt.s                       0x00000000   Number         0  rt_div0.o ABSOLUTE
    ../clib/angel/rt.s                       0x00000000   Number         0  aeabi_ldiv0_sigfpe.o ABSOLUTE
    ../clib/angel/rt.s                       0x00000000   Number         0  aeabi_ldiv0.o ABSOLUTE
    ../clib/angel/scatter.s                  0x00000000   Number         0  __scatter.o ABSOLUTE
    ../clib/angel/startup.s                  0x00000000   Number         0  __main.o ABSOLUTE
    ../clib/angel/sys.s                      0x00000000   Number         0  use_no_semi.o ABSOLUTE
    ../clib/angel/sys.s                      0x00000000   Number         0  indicate_semi.o ABSOLUTE
    ../clib/angel/sys.s                      0x00000000   Number         0  sys_stackheap_outer.o ABSOLUTE
    ../clib/angel/sys.s                      0x00000000   Number         0  libspace.o ABSOLUTE
    ../clib/angel/sysapp.c                   0x00000000   Number         0  sys_command.o ABSOLUTE
    ../clib/angel/sysapp.c                   0x00000000   Number         0  sys_exit.o ABSOLUTE
    ../clib/angel/sysapp.c                   0x00000000   Number         0  sys_wrch.o ABSOLUTE
    ../clib/armsys.c                         0x00000000   Number         0  no_argv.o ABSOLUTE
    ../clib/armsys.c                         0x00000000   Number         0  _get_argv_nomalloc.o ABSOLUTE
    ../clib/armsys.c                         0x00000000   Number         0  argv_veneer.o ABSOLUTE
    ../clib/armsys.c                         0x00000000   Number         0  argv_veneer.o ABSOLUTE
    ../clib/heapalloc.c                      0x00000000   Number         0  hrguard.o ABSOLUTE
    ../clib/heapaux.c                        0x00000000   Number         0  heapauxi.o ABSOLUTE
    ../clib/libinit.s                        0x00000000   Number         0  libshutdown.o ABSOLUTE
    ../clib/libinit.s                        0x00000000   Number         0  libshutdown2.o ABSOLUTE
    ../clib/libinit.s                        0x00000000   Number         0  libinit2.o ABSOLUTE
    ../clib/libinit.s                        0x00000000   Number         0  libinit.o ABSOLUTE
    ../clib/longlong.s                       0x00000000   Number         0  lludivv7m.o ABSOLUTE
    ../clib/memcpset.s                       0x00000000   Number         0  rt_memclr_w.o ABSOLUTE
    ../clib/signal.c                         0x00000000   Number         0  defsig_fpe_outer.o ABSOLUTE
    ../clib/signal.c                         0x00000000   Number         0  defsig_fpe_formal.o ABSOLUTE
    ../clib/signal.c                         0x00000000   Number         0  defsig_other.o ABSOLUTE
    ../clib/signal.c                         0x00000000   Number         0  defsig_general.o ABSOLUTE
    ../clib/signal.c                         0x00000000   Number         0  __raise.o ABSOLUTE
    ../clib/signal.c                         0x00000000   Number         0  defsig_segv_inner.o ABSOLUTE
    ../clib/signal.c                         0x00000000   Number         0  defsig_cppl_inner.o ABSOLUTE
    ../clib/signal.c                         0x00000000   Number         0  defsig_exit.o ABSOLUTE
    ../clib/signal.c                         0x00000000   Number         0  defsig_stak_inner.o ABSOLUTE
    ../clib/signal.c                         0x00000000   Number         0  defsig_rtmem_formal.o ABSOLUTE
    ../clib/signal.c                         0x00000000   Number         0  defsig_rtmem_outer.o ABSOLUTE
    ../clib/signal.c                         0x00000000   Number         0  defsig_rtmem_inner.o ABSOLUTE
    ../clib/signal.c                         0x00000000   Number         0  defsig_rtred_inner.o ABSOLUTE
    ../clib/signal.c                         0x00000000   Number         0  defsig_abrt_inner.o ABSOLUTE
    ../clib/signal.c                         0x00000000   Number         0  defsig_pvfn_inner.o ABSOLUTE
    ../clib/signal.c                         0x00000000   Number         0  defsig_fpe_inner.o ABSOLUTE
    ../clib/signal.s                         0x00000000   Number         0  defsig.o ABSOLUTE
    ../clib/stdlib.c                         0x00000000   Number         0  exit.o ABSOLUTE
    ../fplib/d2f.s                           0x00000000   Number         0  d2f.o ABSOLUTE
    ../fplib/daddsub.s                       0x00000000   Number         0  daddsub_clz.o ABSOLUTE
    ../fplib/dcmpi.s                         0x00000000   Number         0  dcmpi.o ABSOLUTE
    ../fplib/dleqf.s                         0x00000000   Number         0  dleqf.o ABSOLUTE
    ../fplib/dmul.s                          0x00000000   Number         0  dmul.o ABSOLUTE
    ../fplib/dnaninf.s                       0x00000000   Number         0  dnaninf.o ABSOLUTE
    ../fplib/dretinf.s                       0x00000000   Number         0  dretinf.o ABSOLUTE
    ../fplib/drleqf.s                        0x00000000   Number         0  drleqf.o ABSOLUTE
    ../fplib/f2d.s                           0x00000000   Number         0  f2d.o ABSOLUTE
    ../fplib/fnaninf.s                       0x00000000   Number         0  fnaninf.o ABSOLUTE
    ../fplib/fpinit.s                        0x00000000   Number         0  fpinit.o ABSOLUTE
    ../fplib/fretinf.s                       0x00000000   Number         0  fretinf.o ABSOLUTE
    ../fplib/usenofp.s                       0x00000000   Number         0  usenofp.o ABSOLUTE
    ..\Core\Src\dma.c                        0x00000000   Number         0  dma.o ABSOLUTE
    ..\Core\Src\gpio.c                       0x00000000   Number         0  gpio.o ABSOLUTE
    ..\Core\Src\main.c                       0x00000000   Number         0  main.o ABSOLUTE
    ..\Core\Src\stm32f4xx_hal_msp.c          0x00000000   Number         0  stm32f4xx_hal_msp.o ABSOLUTE
    ..\Core\Src\stm32f4xx_it.c               0x00000000   Number         0  stm32f4xx_it.o ABSOLUTE
    ..\Core\Src\system_stm32f4xx.c           0x00000000   Number         0  system_stm32f4xx.o ABSOLUTE
    ..\Core\Src\tim.c                        0x00000000   Number         0  tim.o ABSOLUTE
    ..\Core\Src\usart.c                      0x00000000   Number         0  usart.o ABSOLUTE
    ..\Drivers\HARDWARE\ESC\esc.c            0x00000000   Number         0  esc.o ABSOLUTE
    ..\Drivers\HARDWARE\SERVO\servo.c        0x00000000   Number         0  servo.o ABSOLUTE
    ..\Drivers\SOFTWARE\CONTROLLER\ute_ai.c  0x00000000   Number         0  ute_ai.o ABSOLUTE
    ..\Drivers\SOFTWARE\FUNCTIONS\math_functions.c 0x00000000   Number         0  math_functions.o ABSOLUTE
    ..\Drivers\STM32F4xx_HAL_Driver\Src\stm32f4xx_hal.c 0x00000000   Number         0  stm32f4xx_hal.o ABSOLUTE
    ..\Drivers\STM32F4xx_HAL_Driver\Src\stm32f4xx_hal_cortex.c 0x00000000   Number         0  stm32f4xx_hal_cortex.o ABSOLUTE
    ..\Drivers\STM32F4xx_HAL_Driver\Src\stm32f4xx_hal_dma.c 0x00000000   Number         0  stm32f4xx_hal_dma.o ABSOLUTE
    ..\Drivers\STM32F4xx_HAL_Driver\Src\stm32f4xx_hal_dma_ex.c 0x00000000   Number         0  stm32f4xx_hal_dma_ex.o ABSOLUTE
    ..\Drivers\STM32F4xx_HAL_Driver\Src\stm32f4xx_hal_exti.c 0x00000000   Number         0  stm32f4xx_hal_exti.o ABSOLUTE
    ..\Drivers\STM32F4xx_HAL_Driver\Src\stm32f4xx_hal_flash.c 0x00000000   Number         0  stm32f4xx_hal_flash.o ABSOLUTE
    ..\Drivers\STM32F4xx_HAL_Driver\Src\stm32f4xx_hal_flash_ex.c 0x00000000   Number         0  stm32f4xx_hal_flash_ex.o ABSOLUTE
    ..\Drivers\STM32F4xx_HAL_Driver\Src\stm32f4xx_hal_flash_ramfunc.c 0x00000000   Number         0  stm32f4xx_hal_flash_ramfunc.o ABSOLUTE
    ..\Drivers\STM32F4xx_HAL_Driver\Src\stm32f4xx_hal_gpio.c 0x00000000   Number         0  stm32f4xx_hal_gpio.o ABSOLUTE
    ..\Drivers\STM32F4xx_HAL_Driver\Src\stm32f4xx_hal_pwr.c 0x00000000   Number         0  stm32f4xx_hal_pwr.o ABSOLUTE
    ..\Drivers\STM32F4xx_HAL_Driver\Src\stm32f4xx_hal_pwr_ex.c 0x00000000   Number         0  stm32f4xx_hal_pwr_ex.o ABSOLUTE
    ..\Drivers\STM32F4xx_HAL_Driver\Src\stm32f4xx_hal_rcc.c 0x00000000   Number         0  stm32f4xx_hal_rcc.o ABSOLUTE
    ..\Drivers\STM32F4xx_HAL_Driver\Src\stm32f4xx_hal_rcc_ex.c 0x00000000   Number         0  stm32f4xx_hal_rcc_ex.o ABSOLUTE
    ..\Drivers\STM32F4xx_HAL_Driver\Src\stm32f4xx_hal_tim.c 0x00000000   Number         0  stm32f4xx_hal_tim.o ABSOLUTE
    ..\Drivers\STM32F4xx_HAL_Driver\Src\stm32f4xx_hal_tim_ex.c 0x00000000   Number         0  stm32f4xx_hal_tim_ex.o ABSOLUTE
    ..\Drivers\STM32F4xx_HAL_Driver\Src\stm32f4xx_hal_uart.c 0x00000000   Number         0  stm32f4xx_hal_uart.o ABSOLUTE
    ..\\Drivers\\HARDWARE\\ESC\\esc.c        0x00000000   Number         0  esc.o ABSOLUTE
    ..\\Drivers\\HARDWARE\\SERVO\\servo.c    0x00000000   Number         0  servo.o ABSOLUTE
    ..\\Drivers\\SOFTWARE\\CONTROLLER\\ute_ai.c 0x00000000   Number         0  ute_ai.o ABSOLUTE
    ..\\Drivers\\SOFTWARE\\FUNCTIONS\\math_functions.c 0x00000000   Number         0  math_functions.o ABSOLUTE
    dc.s                                     0x00000000   Number         0  dc.o ABSOLUTE
    startup_stm32f411xe.s                    0x00000000   Number         0  startup_stm32f411xe.o ABSOLUTE
    RESET                                    0x08000000   Section      408  startup_stm32f411xe.o(RESET)
    !!!main                                  0x08000198   Section        8  __main.o(!!!main)
    !!!scatter                               0x080001a0   Section       52  __scatter.o(!!!scatter)
    !!handler_copy                           0x080001d4   Section       26  __scatter_copy.o(!!handler_copy)
    !!handler_zi                             0x080001f0   Section       28  __scatter_zi.o(!!handler_zi)
    .ARM.Collect$$libinit$$00000000          0x0800020c   Section        2  libinit.o(.ARM.Collect$$libinit$$00000000)
    .ARM.Collect$$libinit$$00000001          0x0800020e   Section        4  libinit2.o(.ARM.Collect$$libinit$$00000001)
    .ARM.Collect$$libinit$$00000004          0x08000212   Section        0  libinit2.o(.ARM.Collect$$libinit$$00000004)
    .ARM.Collect$$libinit$$0000000A          0x08000212   Section        0  libinit2.o(.ARM.Collect$$libinit$$0000000A)
    .ARM.Collect$$libinit$$0000000C          0x08000212   Section        0  libinit2.o(.ARM.Collect$$libinit$$0000000C)
    .ARM.Collect$$libinit$$0000000E          0x08000212   Section        0  libinit2.o(.ARM.Collect$$libinit$$0000000E)
    .ARM.Collect$$libinit$$00000011          0x08000212   Section        0  libinit2.o(.ARM.Collect$$libinit$$00000011)
    .ARM.Collect$$libinit$$00000013          0x08000212   Section        0  libinit2.o(.ARM.Collect$$libinit$$00000013)
    .ARM.Collect$$libinit$$00000015          0x08000212   Section        0  libinit2.o(.ARM.Collect$$libinit$$00000015)
    .ARM.Collect$$libinit$$00000017          0x08000212   Section        0  libinit2.o(.ARM.Collect$$libinit$$00000017)
    .ARM.Collect$$libinit$$00000019          0x08000212   Section        0  libinit2.o(.ARM.Collect$$libinit$$00000019)
    .ARM.Collect$$libinit$$0000001B          0x08000212   Section        0  libinit2.o(.ARM.Collect$$libinit$$0000001B)
    .ARM.Collect$$libinit$$0000001D          0x08000212   Section        0  libinit2.o(.ARM.Collect$$libinit$$0000001D)
    .ARM.Collect$$libinit$$0000001F          0x08000212   Section        0  libinit2.o(.ARM.Collect$$libinit$$0000001F)
    .ARM.Collect$$libinit$$00000021          0x08000212   Section        0  libinit2.o(.ARM.Collect$$libinit$$00000021)
    .ARM.Collect$$libinit$$00000023          0x08000212   Section        0  libinit2.o(.ARM.Collect$$libinit$$00000023)
    .ARM.Collect$$libinit$$00000025          0x08000212   Section        0  libinit2.o(.ARM.Collect$$libinit$$00000025)
    .ARM.Collect$$libinit$$0000002C          0x08000212   Section        0  libinit2.o(.ARM.Collect$$libinit$$0000002C)
    .ARM.Collect$$libinit$$0000002E          0x08000212   Section        0  libinit2.o(.ARM.Collect$$libinit$$0000002E)
    .ARM.Collect$$libinit$$00000030          0x08000212   Section        0  libinit2.o(.ARM.Collect$$libinit$$00000030)
    .ARM.Collect$$libinit$$00000032          0x08000212   Section        0  libinit2.o(.ARM.Collect$$libinit$$00000032)
    .ARM.Collect$$libinit$$00000033          0x08000212   Section        2  libinit2.o(.ARM.Collect$$libinit$$00000033)
    .ARM.Collect$$libshutdown$$00000000      0x08000214   Section        2  libshutdown.o(.ARM.Collect$$libshutdown$$00000000)
    .ARM.Collect$$libshutdown$$00000002      0x08000216   Section        0  libshutdown2.o(.ARM.Collect$$libshutdown$$00000002)
    .ARM.Collect$$libshutdown$$00000004      0x08000216   Section        0  libshutdown2.o(.ARM.Collect$$libshutdown$$00000004)
    .ARM.Collect$$libshutdown$$00000007      0x08000216   Section        0  libshutdown2.o(.ARM.Collect$$libshutdown$$00000007)
    .ARM.Collect$$libshutdown$$0000000A      0x08000216   Section        0  libshutdown2.o(.ARM.Collect$$libshutdown$$0000000A)
    .ARM.Collect$$libshutdown$$0000000C      0x08000216   Section        0  libshutdown2.o(.ARM.Collect$$libshutdown$$0000000C)
    .ARM.Collect$$libshutdown$$0000000F      0x08000216   Section        0  libshutdown2.o(.ARM.Collect$$libshutdown$$0000000F)
    .ARM.Collect$$libshutdown$$00000010      0x08000216   Section        2  libshutdown2.o(.ARM.Collect$$libshutdown$$00000010)
    .ARM.Collect$$rtentry$$00000000          0x08000218   Section        0  __rtentry.o(.ARM.Collect$$rtentry$$00000000)
    .ARM.Collect$$rtentry$$00000002          0x08000218   Section        0  __rtentry2.o(.ARM.Collect$$rtentry$$00000002)
    .ARM.Collect$$rtentry$$00000004          0x08000218   Section        6  __rtentry4.o(.ARM.Collect$$rtentry$$00000004)
    .ARM.Collect$$rtentry$$00000009          0x0800021e   Section        0  __rtentry2.o(.ARM.Collect$$rtentry$$00000009)
    .ARM.Collect$$rtentry$$0000000A          0x0800021e   Section        4  __rtentry2.o(.ARM.Collect$$rtentry$$0000000A)
    .ARM.Collect$$rtentry$$0000000C          0x08000222   Section        0  __rtentry2.o(.ARM.Collect$$rtentry$$0000000C)
    .ARM.Collect$$rtentry$$0000000D          0x08000222   Section        8  __rtentry2.o(.ARM.Collect$$rtentry$$0000000D)
    .ARM.Collect$$rtexit$$00000000           0x0800022a   Section        2  rtexit.o(.ARM.Collect$$rtexit$$00000000)
    .ARM.Collect$$rtexit$$00000002           0x0800022c   Section        0  rtexit2.o(.ARM.Collect$$rtexit$$00000002)
    .ARM.Collect$$rtexit$$00000003           0x0800022c   Section        4  rtexit2.o(.ARM.Collect$$rtexit$$00000003)
    .ARM.Collect$$rtexit$$00000004           0x08000230   Section        6  rtexit2.o(.ARM.Collect$$rtexit$$00000004)
    .text                                    0x08000238   Section       64  startup_stm32f411xe.o(.text)
    $v0                                      0x08000238   Number         0  startup_stm32f411xe.o(.text)
    .text                                    0x08000278   Section      238  lludivv7m.o(.text)
    .text                                    0x08000366   Section       78  rt_memclr_w.o(.text)
    .text                                    0x080003b4   Section        0  heapauxi.o(.text)
    .text                                    0x080003ba   Section       74  sys_stackheap_outer.o(.text)
    .text                                    0x08000404   Section        0  exit.o(.text)
    .text                                    0x08000418   Section        8  libspace.o(.text)
    .text                                    0x08000420   Section        0  sys_exit.o(.text)
    .text                                    0x0800042c   Section        2  use_no_semi.o(.text)
    .text                                    0x0800042e   Section        0  indicate_semi.o(.text)
    i.Acceleration                           0x08000430   Section        0  esc.o(i.Acceleration)
    i.BusFault_Handler                       0x08000514   Section        0  stm32f4xx_it.o(i.BusFault_Handler)
    i.DMA1_Stream5_IRQHandler                0x08000518   Section        0  stm32f4xx_it.o(i.DMA1_Stream5_IRQHandler)
    i.DMA_CalcBaseAndBitshift                0x08000524   Section        0  stm32f4xx_hal_dma.o(i.DMA_CalcBaseAndBitshift)
    DMA_CalcBaseAndBitshift                  0x08000525   Thumb Code    34  stm32f4xx_hal_dma.o(i.DMA_CalcBaseAndBitshift)
    i.DMA_CheckFifoParam                     0x0800054c   Section        0  stm32f4xx_hal_dma.o(i.DMA_CheckFifoParam)
    DMA_CheckFifoParam                       0x0800054d   Thumb Code    84  stm32f4xx_hal_dma.o(i.DMA_CheckFifoParam)
    i.DMA_SetConfig                          0x080005a0   Section        0  stm32f4xx_hal_dma.o(i.DMA_SetConfig)
    DMA_SetConfig                            0x080005a1   Thumb Code    40  stm32f4xx_hal_dma.o(i.DMA_SetConfig)
    i.DebugMon_Handler                       0x080005c8   Section        0  stm32f4xx_it.o(i.DebugMon_Handler)
    i.ESC_Caliration                         0x080005cc   Section        0  esc.o(i.ESC_Caliration)
    i.ESC_Init                               0x08000608   Section        0  esc.o(i.ESC_Init)
    i.ESC_Run                                0x0800063c   Section        0  esc.o(i.ESC_Run)
    i.EXTI15_10_IRQHandler                   0x080006dc   Section        0  stm32f4xx_it.o(i.EXTI15_10_IRQHandler)
    i.EXTI4_IRQHandler                       0x080006e4   Section        0  stm32f4xx_it.o(i.EXTI4_IRQHandler)
    i.EXTI9_5_IRQHandler                     0x080006ea   Section        0  stm32f4xx_it.o(i.EXTI9_5_IRQHandler)
    i.Error_Handler                          0x080006f2   Section        0  main.o(i.Error_Handler)
    i.HAL_DMA_Abort                          0x080006f6   Section        0  stm32f4xx_hal_dma.o(i.HAL_DMA_Abort)
    i.HAL_DMA_Abort_IT                       0x08000788   Section        0  stm32f4xx_hal_dma.o(i.HAL_DMA_Abort_IT)
    i.HAL_DMA_IRQHandler                     0x080007ac   Section        0  stm32f4xx_hal_dma.o(i.HAL_DMA_IRQHandler)
    i.HAL_DMA_Init                           0x0800094c   Section        0  stm32f4xx_hal_dma.o(i.HAL_DMA_Init)
    i.HAL_DMA_Start_IT                       0x08000a20   Section        0  stm32f4xx_hal_dma.o(i.HAL_DMA_Start_IT)
    i.HAL_Delay                              0x08000a90   Section        0  stm32f4xx_hal.o(i.HAL_Delay)
    i.HAL_GPIO_EXTI_Callback                 0x08000ab4   Section        0  main.o(i.HAL_GPIO_EXTI_Callback)
    i.HAL_GPIO_EXTI_IRQHandler               0x08000ad8   Section        0  stm32f4xx_hal_gpio.o(i.HAL_GPIO_EXTI_IRQHandler)
    i.HAL_GPIO_Init                          0x08000af0   Section        0  stm32f4xx_hal_gpio.o(i.HAL_GPIO_Init)
    i.HAL_GPIO_TogglePin                     0x08000cd0   Section        0  stm32f4xx_hal_gpio.o(i.HAL_GPIO_TogglePin)
    i.HAL_GPIO_WritePin                      0x08000ce0   Section        0  stm32f4xx_hal_gpio.o(i.HAL_GPIO_WritePin)
    i.HAL_GetTick                            0x08000cec   Section        0  stm32f4xx_hal.o(i.HAL_GetTick)
    i.HAL_IncTick                            0x08000cf8   Section        0  stm32f4xx_hal.o(i.HAL_IncTick)
    i.HAL_Init                               0x08000d08   Section        0  stm32f4xx_hal.o(i.HAL_Init)
    i.HAL_InitTick                           0x08000d3c   Section        0  stm32f4xx_hal.o(i.HAL_InitTick)
    i.HAL_MspInit                            0x08000d7c   Section        0  stm32f4xx_hal_msp.o(i.HAL_MspInit)
    i.HAL_NVIC_EnableIRQ                     0x08000dac   Section        0  stm32f4xx_hal_cortex.o(i.HAL_NVIC_EnableIRQ)
    i.HAL_NVIC_SetPriority                   0x08000dc8   Section        0  stm32f4xx_hal_cortex.o(i.HAL_NVIC_SetPriority)
    i.HAL_NVIC_SetPriorityGrouping           0x08000e08   Section        0  stm32f4xx_hal_cortex.o(i.HAL_NVIC_SetPriorityGrouping)
    i.HAL_RCC_ClockConfig                    0x08000e2c   Section        0  stm32f4xx_hal_rcc.o(i.HAL_RCC_ClockConfig)
    i.HAL_RCC_GetPCLK1Freq                   0x08000f60   Section        0  stm32f4xx_hal_rcc.o(i.HAL_RCC_GetPCLK1Freq)
    i.HAL_RCC_GetPCLK2Freq                   0x08000f80   Section        0  stm32f4xx_hal_rcc.o(i.HAL_RCC_GetPCLK2Freq)
    i.HAL_RCC_GetSysClockFreq                0x08000fa0   Section        0  stm32f4xx_hal_rcc.o(i.HAL_RCC_GetSysClockFreq)
    i.HAL_RCC_OscConfig                      0x08001000   Section        0  stm32f4xx_hal_rcc.o(i.HAL_RCC_OscConfig)
    i.HAL_SYSTICK_Config                     0x0800136c   Section        0  stm32f4xx_hal_cortex.o(i.HAL_SYSTICK_Config)
    i.HAL_TIMEx_BreakCallback                0x08001394   Section        0  stm32f4xx_hal_tim_ex.o(i.HAL_TIMEx_BreakCallback)
    i.HAL_TIMEx_CommutCallback               0x08001396   Section        0  stm32f4xx_hal_tim_ex.o(i.HAL_TIMEx_CommutCallback)
    i.HAL_TIMEx_MasterConfigSynchronization  0x08001398   Section        0  stm32f4xx_hal_tim_ex.o(i.HAL_TIMEx_MasterConfigSynchronization)
    i.HAL_TIM_Base_Init                      0x08001414   Section        0  stm32f4xx_hal_tim.o(i.HAL_TIM_Base_Init)
    i.HAL_TIM_Base_MspInit                   0x08001470   Section        0  tim.o(i.HAL_TIM_Base_MspInit)
    i.HAL_TIM_Base_Start_IT                  0x080014e0   Section        0  stm32f4xx_hal_tim.o(i.HAL_TIM_Base_Start_IT)
    i.HAL_TIM_ConfigClockSource              0x0800154c   Section        0  stm32f4xx_hal_tim.o(i.HAL_TIM_ConfigClockSource)
    i.HAL_TIM_IC_CaptureCallback             0x08001628   Section        0  stm32f4xx_hal_tim.o(i.HAL_TIM_IC_CaptureCallback)
    i.HAL_TIM_IRQHandler                     0x0800162a   Section        0  stm32f4xx_hal_tim.o(i.HAL_TIM_IRQHandler)
    i.HAL_TIM_MspPostInit                    0x08001790   Section        0  tim.o(i.HAL_TIM_MspPostInit)
    i.HAL_TIM_OC_DelayElapsedCallback        0x08001808   Section        0  stm32f4xx_hal_tim.o(i.HAL_TIM_OC_DelayElapsedCallback)
    i.HAL_TIM_PWM_ConfigChannel              0x0800180a   Section        0  stm32f4xx_hal_tim.o(i.HAL_TIM_PWM_ConfigChannel)
    i.HAL_TIM_PWM_Init                       0x080018d6   Section        0  stm32f4xx_hal_tim.o(i.HAL_TIM_PWM_Init)
    i.HAL_TIM_PWM_MspInit                    0x08001930   Section        0  stm32f4xx_hal_tim.o(i.HAL_TIM_PWM_MspInit)
    i.HAL_TIM_PWM_PulseFinishedCallback      0x08001932   Section        0  stm32f4xx_hal_tim.o(i.HAL_TIM_PWM_PulseFinishedCallback)
    i.HAL_TIM_PWM_Start                      0x08001934   Section        0  stm32f4xx_hal_tim.o(i.HAL_TIM_PWM_Start)
    i.HAL_TIM_PeriodElapsedCallback          0x080019e4   Section        0  main.o(i.HAL_TIM_PeriodElapsedCallback)
    i.HAL_TIM_TriggerCallback                0x08001a2c   Section        0  stm32f4xx_hal_tim.o(i.HAL_TIM_TriggerCallback)
    i.HAL_UARTEx_ReceiveToIdle_DMA           0x08001a2e   Section        0  stm32f4xx_hal_uart.o(i.HAL_UARTEx_ReceiveToIdle_DMA)
    i.HAL_UARTEx_RxEventCallback             0x08001a84   Section        0  main.o(i.HAL_UARTEx_RxEventCallback)
    i.HAL_UART_DMAStop                       0x08001ae0   Section        0  stm32f4xx_hal_uart.o(i.HAL_UART_DMAStop)
    i.HAL_UART_ErrorCallback                 0x08001b50   Section        0  main.o(i.HAL_UART_ErrorCallback)
    i.HAL_UART_IRQHandler                    0x08001b90   Section        0  stm32f4xx_hal_uart.o(i.HAL_UART_IRQHandler)
    i.HAL_UART_Init                          0x08001df8   Section        0  stm32f4xx_hal_uart.o(i.HAL_UART_Init)
    i.HAL_UART_MspInit                       0x08001e5c   Section        0  usart.o(i.HAL_UART_MspInit)
    i.HAL_UART_RxCpltCallback                0x08001f28   Section        0  stm32f4xx_hal_uart.o(i.HAL_UART_RxCpltCallback)
    i.HAL_UART_RxHalfCpltCallback            0x08001f2a   Section        0  stm32f4xx_hal_uart.o(i.HAL_UART_RxHalfCpltCallback)
    i.HAL_UART_TxCpltCallback                0x08001f2c   Section        0  stm32f4xx_hal_uart.o(i.HAL_UART_TxCpltCallback)
    i.HardFault_Handler                      0x08001f2e   Section        0  stm32f4xx_it.o(i.HardFault_Handler)
    i.MX_DMA_Init                            0x08001f30   Section        0  dma.o(i.MX_DMA_Init)
    i.MX_GPIO_Init                           0x08001f5c   Section        0  gpio.o(i.MX_GPIO_Init)
    i.MX_TIM1_Init                           0x08002020   Section        0  tim.o(i.MX_TIM1_Init)
    i.MX_TIM2_Init                           0x0800208c   Section        0  tim.o(i.MX_TIM2_Init)
    i.MX_TIM3_Init                           0x08002124   Section        0  tim.o(i.MX_TIM3_Init)
    i.MX_USART2_UART_Init                    0x080021bc   Section        0  usart.o(i.MX_USART2_UART_Init)
    i.MemManage_Handler                      0x080021f4   Section        0  stm32f4xx_it.o(i.MemManage_Handler)
    i.NMI_Handler                            0x080021f6   Section        0  stm32f4xx_it.o(i.NMI_Handler)
    i.PendSV_Handler                         0x080021f8   Section        0  stm32f4xx_it.o(i.PendSV_Handler)
    i.Run                                    0x080021fc   Section        0  ute_ai.o(i.Run)
    i.SERVO_Caliration                       0x080022f0   Section        0  servo.o(i.SERVO_Caliration)
    i.SERVO_Init                             0x0800232c   Section        0  servo.o(i.SERVO_Init)
    i.SERVO_Run                              0x08002354   Section        0  servo.o(i.SERVO_Run)
    i.SVC_Handler                            0x0800238a   Section        0  stm32f4xx_it.o(i.SVC_Handler)
    i.SysTick_Handler                        0x0800238c   Section        0  stm32f4xx_it.o(i.SysTick_Handler)
    i.SystemClock_Config                     0x08002390   Section        0  main.o(i.SystemClock_Config)
    i.SystemInit                             0x08002420   Section        0  system_stm32f4xx.o(i.SystemInit)
    i.TIM1_UP_TIM10_IRQHandler               0x08002430   Section        0  stm32f4xx_it.o(i.TIM1_UP_TIM10_IRQHandler)
    i.TIM_Base_SetConfig                     0x0800243c   Section        0  stm32f4xx_hal_tim.o(i.TIM_Base_SetConfig)
    i.TIM_CCxChannelCmd                      0x080024d4   Section        0  stm32f4xx_hal_tim.o(i.TIM_CCxChannelCmd)
    i.TIM_ETR_SetConfig                      0x080024ee   Section        0  stm32f4xx_hal_tim.o(i.TIM_ETR_SetConfig)
    i.TIM_ITRx_SetConfig                     0x08002502   Section        0  stm32f4xx_hal_tim.o(i.TIM_ITRx_SetConfig)
    TIM_ITRx_SetConfig                       0x08002503   Thumb Code    16  stm32f4xx_hal_tim.o(i.TIM_ITRx_SetConfig)
    i.TIM_OC1_SetConfig                      0x08002514   Section        0  stm32f4xx_hal_tim.o(i.TIM_OC1_SetConfig)
    TIM_OC1_SetConfig                        0x08002515   Thumb Code    74  stm32f4xx_hal_tim.o(i.TIM_OC1_SetConfig)
    i.TIM_OC2_SetConfig                      0x08002564   Section        0  stm32f4xx_hal_tim.o(i.TIM_OC2_SetConfig)
    i.TIM_OC3_SetConfig                      0x080025bc   Section        0  stm32f4xx_hal_tim.o(i.TIM_OC3_SetConfig)
    TIM_OC3_SetConfig                        0x080025bd   Thumb Code    82  stm32f4xx_hal_tim.o(i.TIM_OC3_SetConfig)
    i.TIM_OC4_SetConfig                      0x08002614   Section        0  stm32f4xx_hal_tim.o(i.TIM_OC4_SetConfig)
    TIM_OC4_SetConfig                        0x08002615   Thumb Code    64  stm32f4xx_hal_tim.o(i.TIM_OC4_SetConfig)
    i.TIM_TI1_ConfigInputStage               0x08002658   Section        0  stm32f4xx_hal_tim.o(i.TIM_TI1_ConfigInputStage)
    TIM_TI1_ConfigInputStage                 0x08002659   Thumb Code    34  stm32f4xx_hal_tim.o(i.TIM_TI1_ConfigInputStage)
    i.TIM_TI2_ConfigInputStage               0x0800267a   Section        0  stm32f4xx_hal_tim.o(i.TIM_TI2_ConfigInputStage)
    TIM_TI2_ConfigInputStage                 0x0800267b   Thumb Code    36  stm32f4xx_hal_tim.o(i.TIM_TI2_ConfigInputStage)
    i.UART_DMAAbortOnError                   0x0800269e   Section        0  stm32f4xx_hal_uart.o(i.UART_DMAAbortOnError)
    UART_DMAAbortOnError                     0x0800269f   Thumb Code    16  stm32f4xx_hal_uart.o(i.UART_DMAAbortOnError)
    i.UART_DMAError                          0x080026ae   Section        0  stm32f4xx_hal_uart.o(i.UART_DMAError)
    UART_DMAError                            0x080026af   Thumb Code    74  stm32f4xx_hal_uart.o(i.UART_DMAError)
    i.UART_DMAReceiveCplt                    0x080026f8   Section        0  stm32f4xx_hal_uart.o(i.UART_DMAReceiveCplt)
    UART_DMAReceiveCplt                      0x080026f9   Thumb Code   130  stm32f4xx_hal_uart.o(i.UART_DMAReceiveCplt)
    i.UART_DMARxHalfCplt                     0x0800277a   Section        0  stm32f4xx_hal_uart.o(i.UART_DMARxHalfCplt)
    UART_DMARxHalfCplt                       0x0800277b   Thumb Code    26  stm32f4xx_hal_uart.o(i.UART_DMARxHalfCplt)
    i.UART_EndRxTransfer                     0x08002794   Section        0  stm32f4xx_hal_uart.o(i.UART_EndRxTransfer)
    UART_EndRxTransfer                       0x08002795   Thumb Code    78  stm32f4xx_hal_uart.o(i.UART_EndRxTransfer)
    i.UART_EndTxTransfer                     0x080027e2   Section        0  stm32f4xx_hal_uart.o(i.UART_EndTxTransfer)
    UART_EndTxTransfer                       0x080027e3   Thumb Code    28  stm32f4xx_hal_uart.o(i.UART_EndTxTransfer)
    i.UART_Receive_IT                        0x080027fe   Section        0  stm32f4xx_hal_uart.o(i.UART_Receive_IT)
    UART_Receive_IT                          0x080027ff   Thumb Code   192  stm32f4xx_hal_uart.o(i.UART_Receive_IT)
    i.UART_SetConfig                         0x080028c0   Section        0  stm32f4xx_hal_uart.o(i.UART_SetConfig)
    UART_SetConfig                           0x080028c1   Thumb Code   258  stm32f4xx_hal_uart.o(i.UART_SetConfig)
    i.UART_Start_Receive_DMA                 0x080029cc   Section        0  stm32f4xx_hal_uart.o(i.UART_Start_Receive_DMA)
    i.USART2_IRQHandler                      0x08002a60   Section        0  stm32f4xx_it.o(i.USART2_IRQHandler)
    i.UsageFault_Handler                     0x08002a6c   Section        0  stm32f4xx_it.o(i.UsageFault_Handler)
    i.__NVIC_SetPriority                     0x08002a6e   Section        0  stm32f4xx_hal_cortex.o(i.__NVIC_SetPriority)
    __NVIC_SetPriority                       0x08002a6f   Thumb Code    32  stm32f4xx_hal_cortex.o(i.__NVIC_SetPriority)
    i.main                                   0x08002a90   Section        0  main.o(i.main)
    x$fpl$d2f                                0x08002b10   Section       98  d2f.o(x$fpl$d2f)
    $v0                                      0x08002b10   Number         0  d2f.o(x$fpl$d2f)
    x$fpl$dadd                               0x08002b74   Section      336  daddsub_clz.o(x$fpl$dadd)
    $v0                                      0x08002b74   Number         0  daddsub_clz.o(x$fpl$dadd)
    _dadd1                                   0x08002b85   Thumb Code     0  daddsub_clz.o(x$fpl$dadd)
    x$fpl$dcmpinf                            0x08002cc4   Section       24  dcmpi.o(x$fpl$dcmpinf)
    $v0                                      0x08002cc4   Number         0  dcmpi.o(x$fpl$dcmpinf)
    x$fpl$dleqf                              0x08002cdc   Section      120  dleqf.o(x$fpl$dleqf)
    $v0                                      0x08002cdc   Number         0  dleqf.o(x$fpl$dleqf)
    x$fpl$dmul                               0x08002d54   Section      340  dmul.o(x$fpl$dmul)
    $v0                                      0x08002d54   Number         0  dmul.o(x$fpl$dmul)
    x$fpl$dnaninf                            0x08002ea8   Section      156  dnaninf.o(x$fpl$dnaninf)
    $v0                                      0x08002ea8   Number         0  dnaninf.o(x$fpl$dnaninf)
    x$fpl$dretinf                            0x08002f44   Section       12  dretinf.o(x$fpl$dretinf)
    $v0                                      0x08002f44   Number         0  dretinf.o(x$fpl$dretinf)
    x$fpl$drleqf                             0x08002f50   Section      108  drleqf.o(x$fpl$drleqf)
    $v0                                      0x08002f50   Number         0  drleqf.o(x$fpl$drleqf)
    x$fpl$dsub                               0x08002fbc   Section      468  daddsub_clz.o(x$fpl$dsub)
    $v0                                      0x08002fbc   Number         0  daddsub_clz.o(x$fpl$dsub)
    _dsub1                                   0x08002fcd   Thumb Code     0  daddsub_clz.o(x$fpl$dsub)
    x$fpl$f2d                                0x08003190   Section       86  f2d.o(x$fpl$f2d)
    $v0                                      0x08003190   Number         0  f2d.o(x$fpl$f2d)
    x$fpl$fnaninf                            0x080031e6   Section      140  fnaninf.o(x$fpl$fnaninf)
    $v0                                      0x080031e6   Number         0  fnaninf.o(x$fpl$fnaninf)
    x$fpl$fpinit                             0x08003272   Section       10  fpinit.o(x$fpl$fpinit)
    $v0                                      0x08003272   Number         0  fpinit.o(x$fpl$fpinit)
    x$fpl$fretinf                            0x0800327c   Section       10  fretinf.o(x$fpl$fretinf)
    $v0                                      0x0800327c   Number         0  fretinf.o(x$fpl$fretinf)
    .constdata                               0x08003286   Section       16  system_stm32f4xx.o(.constdata)
    x$fpl$usenofp                            0x08003286   Section        0  usenofp.o(x$fpl$usenofp)
    .constdata                               0x08003296   Section        8  system_stm32f4xx.o(.constdata)
    .constdata                               0x0800329e   Section        8  stm32f4xx_hal_dma.o(.constdata)
    flagBitshiftOffset                       0x0800329e   Data           8  stm32f4xx_hal_dma.o(.constdata)
    .data                                    0x20000000   Section       16  main.o(.data)
    .data                                    0x20000010   Section        4  system_stm32f4xx.o(.data)
    .data                                    0x20000018   Section        8  esc.o(.data)
    .data                                    0x20000020   Section        8  ute_ai.o(.data)
    .data                                    0x20000028   Section       12  stm32f4xx_hal.o(.data)
    .bss                                     0x20000034   Section       12  main.o(.bss)
    .bss                                     0x20000040   Section      216  tim.o(.bss)
    .bss                                     0x20000118   Section      164  usart.o(.bss)
    .bss                                     0x200001bc   Section       96  libspace.o(.bss)
    HEAP                                     0x20000220   Section      512  startup_stm32f411xe.o(HEAP)
    Heap_Mem                                 0x20000220   Data         512  startup_stm32f411xe.o(HEAP)
    STACK                                    0x20000420   Section     1024  startup_stm32f411xe.o(STACK)
    Stack_Mem                                0x20000420   Data        1024  startup_stm32f411xe.o(STACK)
    __initial_sp                             0x20000820   Data           0  startup_stm32f411xe.o(STACK)

    Global Symbols

    Symbol Name                              Value     Ov Type        Size  Object(Section)

    BuildAttributes$$THM_ISAv4$E$P$D$K$B$S$7EM$VFPi3$EXTD16$VFPS$VFMA$PE$A:L22UL41UL21$X:L11$S22US41US21$IEEE1$IW$USESV6$~STKCKD$USESV7$~SHL$OSPACE$ROPI$EBA8$UX$STANDARDLIB$REQ8$PRES8$EABIv2 0x00000000   Number         0  anon$$obj.o ABSOLUTE
    __ARM_use_no_argv                        0x00000000   Number         0  main.o ABSOLUTE
    __ARM_exceptions_init                     - Undefined Weak Reference
    __alloca_initialize                       - Undefined Weak Reference
    __arm_preinit_                            - Undefined Weak Reference
    __cpp_initialize__aeabi_                  - Undefined Weak Reference
    __cxa_finalize                            - Undefined Weak Reference
    __rt_locale                               - Undefined Weak Reference
    __sigvec_lookup                           - Undefined Weak Reference
    _atexit_init                              - Undefined Weak Reference
    _call_atexit_fns                          - Undefined Weak Reference
    _clock_init                               - Undefined Weak Reference
    _fp_trap_init                             - Undefined Weak Reference
    _fp_trap_shutdown                         - Undefined Weak Reference
    _get_lc_collate                           - Undefined Weak Reference
    _get_lc_ctype                             - Undefined Weak Reference
    _get_lc_monetary                          - Undefined Weak Reference
    _get_lc_numeric                           - Undefined Weak Reference
    _get_lc_time                              - Undefined Weak Reference
    _getenv_init                              - Undefined Weak Reference
    _handle_redirection                       - Undefined Weak Reference
    _init_alloc                               - Undefined Weak Reference
    _init_user_alloc                          - Undefined Weak Reference
    _initio                                   - Undefined Weak Reference
    _rand_init                                - Undefined Weak Reference
    _signal_finish                            - Undefined Weak Reference
    _signal_init                              - Undefined Weak Reference
    _terminate_alloc                          - Undefined Weak Reference
    _terminate_user_alloc                     - Undefined Weak Reference
    _terminateio                              - Undefined Weak Reference
    __Vectors_Size                           0x00000198   Number         0  startup_stm32f411xe.o ABSOLUTE
    __Vectors                                0x08000000   Data           4  startup_stm32f411xe.o(RESET)
    __Vectors_End                            0x08000198   Data           0  startup_stm32f411xe.o(RESET)
    __main                                   0x08000199   Thumb Code     8  __main.o(!!!main)
    __scatterload                            0x080001a1   Thumb Code     0  __scatter.o(!!!scatter)
    __scatterload_rt2                        0x080001a1   Thumb Code    44  __scatter.o(!!!scatter)
    __scatterload_rt2_thumb_only             0x080001a1   Thumb Code     0  __scatter.o(!!!scatter)
    __scatterload_null                       0x080001af   Thumb Code     0  __scatter.o(!!!scatter)
    __scatterload_copy                       0x080001d5   Thumb Code    26  __scatter_copy.o(!!handler_copy)
    __scatterload_zeroinit                   0x080001f1   Thumb Code    28  __scatter_zi.o(!!handler_zi)
    __rt_lib_init                            0x0800020d   Thumb Code     0  libinit.o(.ARM.Collect$$libinit$$00000000)
    __rt_lib_init_fp_1                       0x0800020f   Thumb Code     0  libinit2.o(.ARM.Collect$$libinit$$00000001)
    __rt_lib_init_alloca_1                   0x08000213   Thumb Code     0  libinit2.o(.ARM.Collect$$libinit$$0000002E)
    __rt_lib_init_argv_1                     0x08000213   Thumb Code     0  libinit2.o(.ARM.Collect$$libinit$$0000002C)
    __rt_lib_init_atexit_1                   0x08000213   Thumb Code     0  libinit2.o(.ARM.Collect$$libinit$$0000001B)
    __rt_lib_init_clock_1                    0x08000213   Thumb Code     0  libinit2.o(.ARM.Collect$$libinit$$00000021)
    __rt_lib_init_cpp_1                      0x08000213   Thumb Code     0  libinit2.o(.ARM.Collect$$libinit$$00000032)
    __rt_lib_init_exceptions_1               0x08000213   Thumb Code     0  libinit2.o(.ARM.Collect$$libinit$$00000030)
    __rt_lib_init_fp_trap_1                  0x08000213   Thumb Code     0  libinit2.o(.ARM.Collect$$libinit$$0000001F)
    __rt_lib_init_getenv_1                   0x08000213   Thumb Code     0  libinit2.o(.ARM.Collect$$libinit$$00000023)
    __rt_lib_init_heap_1                     0x08000213   Thumb Code     0  libinit2.o(.ARM.Collect$$libinit$$0000000A)
    __rt_lib_init_lc_collate_1               0x08000213   Thumb Code     0  libinit2.o(.ARM.Collect$$libinit$$00000011)
    __rt_lib_init_lc_ctype_1                 0x08000213   Thumb Code     0  libinit2.o(.ARM.Collect$$libinit$$00000013)
    __rt_lib_init_lc_monetary_1              0x08000213   Thumb Code     0  libinit2.o(.ARM.Collect$$libinit$$00000015)
    __rt_lib_init_lc_numeric_1               0x08000213   Thumb Code     0  libinit2.o(.ARM.Collect$$libinit$$00000017)
    __rt_lib_init_lc_time_1                  0x08000213   Thumb Code     0  libinit2.o(.ARM.Collect$$libinit$$00000019)
    __rt_lib_init_preinit_1                  0x08000213   Thumb Code     0  libinit2.o(.ARM.Collect$$libinit$$00000004)
    __rt_lib_init_rand_1                     0x08000213   Thumb Code     0  libinit2.o(.ARM.Collect$$libinit$$0000000E)
    __rt_lib_init_return                     0x08000213   Thumb Code     0  libinit2.o(.ARM.Collect$$libinit$$00000033)
    __rt_lib_init_signal_1                   0x08000213   Thumb Code     0  libinit2.o(.ARM.Collect$$libinit$$0000001D)
    __rt_lib_init_stdio_1                    0x08000213   Thumb Code     0  libinit2.o(.ARM.Collect$$libinit$$00000025)
    __rt_lib_init_user_alloc_1               0x08000213   Thumb Code     0  libinit2.o(.ARM.Collect$$libinit$$0000000C)
    __rt_lib_shutdown                        0x08000215   Thumb Code     0  libshutdown.o(.ARM.Collect$$libshutdown$$00000000)
    __rt_lib_shutdown_cpp_1                  0x08000217   Thumb Code     0  libshutdown2.o(.ARM.Collect$$libshutdown$$00000002)
    __rt_lib_shutdown_fp_trap_1              0x08000217   Thumb Code     0  libshutdown2.o(.ARM.Collect$$libshutdown$$00000007)
    __rt_lib_shutdown_heap_1                 0x08000217   Thumb Code     0  libshutdown2.o(.ARM.Collect$$libshutdown$$0000000F)
    __rt_lib_shutdown_return                 0x08000217   Thumb Code     0  libshutdown2.o(.ARM.Collect$$libshutdown$$00000010)
    __rt_lib_shutdown_signal_1               0x08000217   Thumb Code     0  libshutdown2.o(.ARM.Collect$$libshutdown$$0000000A)
    __rt_lib_shutdown_stdio_1                0x08000217   Thumb Code     0  libshutdown2.o(.ARM.Collect$$libshutdown$$00000004)
    __rt_lib_shutdown_user_alloc_1           0x08000217   Thumb Code     0  libshutdown2.o(.ARM.Collect$$libshutdown$$0000000C)
    __rt_entry                               0x08000219   Thumb Code     0  __rtentry.o(.ARM.Collect$$rtentry$$00000000)
    __rt_entry_presh_1                       0x08000219   Thumb Code     0  __rtentry2.o(.ARM.Collect$$rtentry$$00000002)
    __rt_entry_sh                            0x08000219   Thumb Code     0  __rtentry4.o(.ARM.Collect$$rtentry$$00000004)
    __rt_entry_li                            0x0800021f   Thumb Code     0  __rtentry2.o(.ARM.Collect$$rtentry$$0000000A)
    __rt_entry_postsh_1                      0x0800021f   Thumb Code     0  __rtentry2.o(.ARM.Collect$$rtentry$$00000009)
    __rt_entry_main                          0x08000223   Thumb Code     0  __rtentry2.o(.ARM.Collect$$rtentry$$0000000D)
    __rt_entry_postli_1                      0x08000223   Thumb Code     0  __rtentry2.o(.ARM.Collect$$rtentry$$0000000C)
    __rt_exit                                0x0800022b   Thumb Code     0  rtexit.o(.ARM.Collect$$rtexit$$00000000)
    __rt_exit_ls                             0x0800022d   Thumb Code     0  rtexit2.o(.ARM.Collect$$rtexit$$00000003)
    __rt_exit_prels_1                        0x0800022d   Thumb Code     0  rtexit2.o(.ARM.Collect$$rtexit$$00000002)
    __rt_exit_exit                           0x08000231   Thumb Code     0  rtexit2.o(.ARM.Collect$$rtexit$$00000004)
    Reset_Handler                            0x08000239   Thumb Code     8  startup_stm32f411xe.o(.text)
    ADC_IRQHandler                           0x08000253   Thumb Code     0  startup_stm32f411xe.o(.text)
    DMA1_Stream0_IRQHandler                  0x08000253   Thumb Code     0  startup_stm32f411xe.o(.text)
    DMA1_Stream1_IRQHandler                  0x08000253   Thumb Code     0  startup_stm32f411xe.o(.text)
    DMA1_Stream2_IRQHandler                  0x08000253   Thumb Code     0  startup_stm32f411xe.o(.text)
    DMA1_Stream3_IRQHandler                  0x08000253   Thumb Code     0  startup_stm32f411xe.o(.text)
    DMA1_Stream4_IRQHandler                  0x08000253   Thumb Code     0  startup_stm32f411xe.o(.text)
    DMA1_Stream6_IRQHandler                  0x08000253   Thumb Code     0  startup_stm32f411xe.o(.text)
    DMA1_Stream7_IRQHandler                  0x08000253   Thumb Code     0  startup_stm32f411xe.o(.text)
    DMA2_Stream0_IRQHandler                  0x08000253   Thumb Code     0  startup_stm32f411xe.o(.text)
    DMA2_Stream1_IRQHandler                  0x08000253   Thumb Code     0  startup_stm32f411xe.o(.text)
    DMA2_Stream2_IRQHandler                  0x08000253   Thumb Code     0  startup_stm32f411xe.o(.text)
    DMA2_Stream3_IRQHandler                  0x08000253   Thumb Code     0  startup_stm32f411xe.o(.text)
    DMA2_Stream4_IRQHandler                  0x08000253   Thumb Code     0  startup_stm32f411xe.o(.text)
    DMA2_Stream5_IRQHandler                  0x08000253   Thumb Code     0  startup_stm32f411xe.o(.text)
    DMA2_Stream6_IRQHandler                  0x08000253   Thumb Code     0  startup_stm32f411xe.o(.text)
    DMA2_Stream7_IRQHandler                  0x08000253   Thumb Code     0  startup_stm32f411xe.o(.text)
    EXTI0_IRQHandler                         0x08000253   Thumb Code     0  startup_stm32f411xe.o(.text)
    EXTI1_IRQHandler                         0x08000253   Thumb Code     0  startup_stm32f411xe.o(.text)
    EXTI2_IRQHandler                         0x08000253   Thumb Code     0  startup_stm32f411xe.o(.text)
    EXTI3_IRQHandler                         0x08000253   Thumb Code     0  startup_stm32f411xe.o(.text)
    FLASH_IRQHandler                         0x08000253   Thumb Code     0  startup_stm32f411xe.o(.text)
    FPU_IRQHandler                           0x08000253   Thumb Code     0  startup_stm32f411xe.o(.text)
    I2C1_ER_IRQHandler                       0x08000253   Thumb Code     0  startup_stm32f411xe.o(.text)
    I2C1_EV_IRQHandler                       0x08000253   Thumb Code     0  startup_stm32f411xe.o(.text)
    I2C2_ER_IRQHandler                       0x08000253   Thumb Code     0  startup_stm32f411xe.o(.text)
    I2C2_EV_IRQHandler                       0x08000253   Thumb Code     0  startup_stm32f411xe.o(.text)
    I2C3_ER_IRQHandler                       0x08000253   Thumb Code     0  startup_stm32f411xe.o(.text)
    I2C3_EV_IRQHandler                       0x08000253   Thumb Code     0  startup_stm32f411xe.o(.text)
    OTG_FS_IRQHandler                        0x08000253   Thumb Code     0  startup_stm32f411xe.o(.text)
    OTG_FS_WKUP_IRQHandler                   0x08000253   Thumb Code     0  startup_stm32f411xe.o(.text)
    PVD_IRQHandler                           0x08000253   Thumb Code     0  startup_stm32f411xe.o(.text)
    RCC_IRQHandler                           0x08000253   Thumb Code     0  startup_stm32f411xe.o(.text)
    RTC_Alarm_IRQHandler                     0x08000253   Thumb Code     0  startup_stm32f411xe.o(.text)
    RTC_WKUP_IRQHandler                      0x08000253   Thumb Code     0  startup_stm32f411xe.o(.text)
    SDIO_IRQHandler                          0x08000253   Thumb Code     0  startup_stm32f411xe.o(.text)
    SPI1_IRQHandler                          0x08000253   Thumb Code     0  startup_stm32f411xe.o(.text)
    SPI2_IRQHandler                          0x08000253   Thumb Code     0  startup_stm32f411xe.o(.text)
    SPI3_IRQHandler                          0x08000253   Thumb Code     0  startup_stm32f411xe.o(.text)
    SPI4_IRQHandler                          0x08000253   Thumb Code     0  startup_stm32f411xe.o(.text)
    SPI5_IRQHandler                          0x08000253   Thumb Code     0  startup_stm32f411xe.o(.text)
    TAMP_STAMP_IRQHandler                    0x08000253   Thumb Code     0  startup_stm32f411xe.o(.text)
    TIM1_BRK_TIM9_IRQHandler                 0x08000253   Thumb Code     0  startup_stm32f411xe.o(.text)
    TIM1_CC_IRQHandler                       0x08000253   Thumb Code     0  startup_stm32f411xe.o(.text)
    TIM1_TRG_COM_TIM11_IRQHandler            0x08000253   Thumb Code     0  startup_stm32f411xe.o(.text)
    TIM2_IRQHandler                          0x08000253   Thumb Code     0  startup_stm32f411xe.o(.text)
    TIM3_IRQHandler                          0x08000253   Thumb Code     0  startup_stm32f411xe.o(.text)
    TIM4_IRQHandler                          0x08000253   Thumb Code     0  startup_stm32f411xe.o(.text)
    TIM5_IRQHandler                          0x08000253   Thumb Code     0  startup_stm32f411xe.o(.text)
    USART1_IRQHandler                        0x08000253   Thumb Code     0  startup_stm32f411xe.o(.text)
    USART6_IRQHandler                        0x08000253   Thumb Code     0  startup_stm32f411xe.o(.text)
    WWDG_IRQHandler                          0x08000253   Thumb Code     0  startup_stm32f411xe.o(.text)
    __user_initial_stackheap                 0x08000255   Thumb Code     0  startup_stm32f411xe.o(.text)
    __aeabi_uldivmod                         0x08000279   Thumb Code     0  lludivv7m.o(.text)
    _ll_udiv                                 0x08000279   Thumb Code   238  lludivv7m.o(.text)
    __aeabi_memclr4                          0x08000367   Thumb Code     0  rt_memclr_w.o(.text)
    __aeabi_memclr8                          0x08000367   Thumb Code     0  rt_memclr_w.o(.text)
    __rt_memclr_w                            0x08000367   Thumb Code    78  rt_memclr_w.o(.text)
    _memset_w                                0x0800036b   Thumb Code     0  rt_memclr_w.o(.text)
    __use_two_region_memory                  0x080003b5   Thumb Code     2  heapauxi.o(.text)
    __rt_heap_escrow$2region                 0x080003b7   Thumb Code     2  heapauxi.o(.text)
    __rt_heap_expand$2region                 0x080003b9   Thumb Code     2  heapauxi.o(.text)
    __user_setup_stackheap                   0x080003bb   Thumb Code    74  sys_stackheap_outer.o(.text)
    exit                                     0x08000405   Thumb Code    18  exit.o(.text)
    __user_libspace                          0x08000419   Thumb Code     8  libspace.o(.text)
    __user_perproc_libspace                  0x08000419   Thumb Code     0  libspace.o(.text)
    __user_perthread_libspace                0x08000419   Thumb Code     0  libspace.o(.text)
    _sys_exit                                0x08000421   Thumb Code     8  sys_exit.o(.text)
    __I$use$semihosting                      0x0800042d   Thumb Code     0  use_no_semi.o(.text)
    __use_no_semihosting_swi                 0x0800042d   Thumb Code     2  use_no_semi.o(.text)
    __semihosting_library_function           0x0800042f   Thumb Code     0  indicate_semi.o(.text)
    Acceleration                             0x08000431   Thumb Code   222  esc.o(i.Acceleration)
    BusFault_Handler                         0x08000515   Thumb Code     2  stm32f4xx_it.o(i.BusFault_Handler)
    DMA1_Stream5_IRQHandler                  0x08000519   Thumb Code     6  stm32f4xx_it.o(i.DMA1_Stream5_IRQHandler)
    DebugMon_Handler                         0x080005c9   Thumb Code     2  stm32f4xx_it.o(i.DebugMon_Handler)
    ESC_Caliration                           0x080005cd   Thumb Code    44  esc.o(i.ESC_Caliration)
    ESC_Init                                 0x08000609   Thumb Code    44  esc.o(i.ESC_Init)
    ESC_Run                                  0x0800063d   Thumb Code   156  esc.o(i.ESC_Run)
    EXTI15_10_IRQHandler                     0x080006dd   Thumb Code     8  stm32f4xx_it.o(i.EXTI15_10_IRQHandler)
    EXTI4_IRQHandler                         0x080006e5   Thumb Code     6  stm32f4xx_it.o(i.EXTI4_IRQHandler)
    EXTI9_5_IRQHandler                       0x080006eb   Thumb Code     8  stm32f4xx_it.o(i.EXTI9_5_IRQHandler)
    Error_Handler                            0x080006f3   Thumb Code     4  main.o(i.Error_Handler)
    HAL_DMA_Abort                            0x080006f7   Thumb Code   146  stm32f4xx_hal_dma.o(i.HAL_DMA_Abort)
    HAL_DMA_Abort_IT                         0x08000789   Thumb Code    36  stm32f4xx_hal_dma.o(i.HAL_DMA_Abort_IT)
    HAL_DMA_IRQHandler                       0x080007ad   Thumb Code   412  stm32f4xx_hal_dma.o(i.HAL_DMA_IRQHandler)
    HAL_DMA_Init                             0x0800094d   Thumb Code   206  stm32f4xx_hal_dma.o(i.HAL_DMA_Init)
    HAL_DMA_Start_IT                         0x08000a21   Thumb Code   110  stm32f4xx_hal_dma.o(i.HAL_DMA_Start_IT)
    HAL_Delay                                0x08000a91   Thumb Code    32  stm32f4xx_hal.o(i.HAL_Delay)
    HAL_GPIO_EXTI_Callback                   0x08000ab5   Thumb Code    32  main.o(i.HAL_GPIO_EXTI_Callback)
    HAL_GPIO_EXTI_IRQHandler                 0x08000ad9   Thumb Code    18  stm32f4xx_hal_gpio.o(i.HAL_GPIO_EXTI_IRQHandler)
    HAL_GPIO_Init                            0x08000af1   Thumb Code   446  stm32f4xx_hal_gpio.o(i.HAL_GPIO_Init)
    HAL_GPIO_TogglePin                       0x08000cd1   Thumb Code    16  stm32f4xx_hal_gpio.o(i.HAL_GPIO_TogglePin)
    HAL_GPIO_WritePin                        0x08000ce1   Thumb Code    10  stm32f4xx_hal_gpio.o(i.HAL_GPIO_WritePin)
    HAL_GetTick                              0x08000ced   Thumb Code     6  stm32f4xx_hal.o(i.HAL_GetTick)
    HAL_IncTick                              0x08000cf9   Thumb Code    12  stm32f4xx_hal.o(i.HAL_IncTick)
    HAL_Init                                 0x08000d09   Thumb Code    48  stm32f4xx_hal.o(i.HAL_Init)
    HAL_InitTick                             0x08000d3d   Thumb Code    54  stm32f4xx_hal.o(i.HAL_InitTick)
    HAL_MspInit                              0x08000d7d   Thumb Code    42  stm32f4xx_hal_msp.o(i.HAL_MspInit)
    HAL_NVIC_EnableIRQ                       0x08000dad   Thumb Code    26  stm32f4xx_hal_cortex.o(i.HAL_NVIC_EnableIRQ)
    HAL_NVIC_SetPriority                     0x08000dc9   Thumb Code    60  stm32f4xx_hal_cortex.o(i.HAL_NVIC_SetPriority)
    HAL_NVIC_SetPriorityGrouping             0x08000e09   Thumb Code    26  stm32f4xx_hal_cortex.o(i.HAL_NVIC_SetPriorityGrouping)
    HAL_RCC_ClockConfig                      0x08000e2d   Thumb Code   288  stm32f4xx_hal_rcc.o(i.HAL_RCC_ClockConfig)
    HAL_RCC_GetPCLK1Freq                     0x08000f61   Thumb Code    20  stm32f4xx_hal_rcc.o(i.HAL_RCC_GetPCLK1Freq)
    HAL_RCC_GetPCLK2Freq                     0x08000f81   Thumb Code    20  stm32f4xx_hal_rcc.o(i.HAL_RCC_GetPCLK2Freq)
    HAL_RCC_GetSysClockFreq                  0x08000fa1   Thumb Code    88  stm32f4xx_hal_rcc.o(i.HAL_RCC_GetSysClockFreq)
    HAL_RCC_OscConfig                        0x08001001   Thumb Code   856  stm32f4xx_hal_rcc.o(i.HAL_RCC_OscConfig)
    HAL_SYSTICK_Config                       0x0800136d   Thumb Code    40  stm32f4xx_hal_cortex.o(i.HAL_SYSTICK_Config)
    HAL_TIMEx_BreakCallback                  0x08001395   Thumb Code     2  stm32f4xx_hal_tim_ex.o(i.HAL_TIMEx_BreakCallback)
    HAL_TIMEx_CommutCallback                 0x08001397   Thumb Code     2  stm32f4xx_hal_tim_ex.o(i.HAL_TIMEx_CommutCallback)
    HAL_TIMEx_MasterConfigSynchronization    0x08001399   Thumb Code   104  stm32f4xx_hal_tim_ex.o(i.HAL_TIMEx_MasterConfigSynchronization)
    HAL_TIM_Base_Init                        0x08001415   Thumb Code    90  stm32f4xx_hal_tim.o(i.HAL_TIM_Base_Init)
    HAL_TIM_Base_MspInit                     0x08001471   Thumb Code    98  tim.o(i.HAL_TIM_Base_MspInit)
    HAL_TIM_Base_Start_IT                    0x080014e1   Thumb Code    88  stm32f4xx_hal_tim.o(i.HAL_TIM_Base_Start_IT)
    HAL_TIM_ConfigClockSource                0x0800154d   Thumb Code   220  stm32f4xx_hal_tim.o(i.HAL_TIM_ConfigClockSource)
    HAL_TIM_IC_CaptureCallback               0x08001629   Thumb Code     2  stm32f4xx_hal_tim.o(i.HAL_TIM_IC_CaptureCallback)
    HAL_TIM_IRQHandler                       0x0800162b   Thumb Code   358  stm32f4xx_hal_tim.o(i.HAL_TIM_IRQHandler)
    HAL_TIM_MspPostInit                      0x08001791   Thumb Code   106  tim.o(i.HAL_TIM_MspPostInit)
    HAL_TIM_OC_DelayElapsedCallback          0x08001809   Thumb Code     2  stm32f4xx_hal_tim.o(i.HAL_TIM_OC_DelayElapsedCallback)
    HAL_TIM_PWM_ConfigChannel                0x0800180b   Thumb Code   204  stm32f4xx_hal_tim.o(i.HAL_TIM_PWM_ConfigChannel)
    HAL_TIM_PWM_Init                         0x080018d7   Thumb Code    90  stm32f4xx_hal_tim.o(i.HAL_TIM_PWM_Init)
    HAL_TIM_PWM_MspInit                      0x08001931   Thumb Code     2  stm32f4xx_hal_tim.o(i.HAL_TIM_PWM_MspInit)
    HAL_TIM_PWM_PulseFinishedCallback        0x08001933   Thumb Code     2  stm32f4xx_hal_tim.o(i.HAL_TIM_PWM_PulseFinishedCallback)
    HAL_TIM_PWM_Start                        0x08001935   Thumb Code   156  stm32f4xx_hal_tim.o(i.HAL_TIM_PWM_Start)
    HAL_TIM_PeriodElapsedCallback            0x080019e5   Thumb Code    54  main.o(i.HAL_TIM_PeriodElapsedCallback)
    HAL_TIM_TriggerCallback                  0x08001a2d   Thumb Code     2  stm32f4xx_hal_tim.o(i.HAL_TIM_TriggerCallback)
    HAL_UARTEx_ReceiveToIdle_DMA             0x08001a2f   Thumb Code    86  stm32f4xx_hal_uart.o(i.HAL_UARTEx_ReceiveToIdle_DMA)
    HAL_UARTEx_RxEventCallback               0x08001a85   Thumb Code    76  main.o(i.HAL_UARTEx_RxEventCallback)
    HAL_UART_DMAStop                         0x08001ae1   Thumb Code   112  stm32f4xx_hal_uart.o(i.HAL_UART_DMAStop)
    HAL_UART_ErrorCallback                   0x08001b51   Thumb Code    46  main.o(i.HAL_UART_ErrorCallback)
    HAL_UART_IRQHandler                      0x08001b91   Thumb Code   610  stm32f4xx_hal_uart.o(i.HAL_UART_IRQHandler)
    HAL_UART_Init                            0x08001df9   Thumb Code    98  stm32f4xx_hal_uart.o(i.HAL_UART_Init)
    HAL_UART_MspInit                         0x08001e5d   Thumb Code   184  usart.o(i.HAL_UART_MspInit)
    HAL_UART_RxCpltCallback                  0x08001f29   Thumb Code     2  stm32f4xx_hal_uart.o(i.HAL_UART_RxCpltCallback)
    HAL_UART_RxHalfCpltCallback              0x08001f2b   Thumb Code     2  stm32f4xx_hal_uart.o(i.HAL_UART_RxHalfCpltCallback)
    HAL_UART_TxCpltCallback                  0x08001f2d   Thumb Code     2  stm32f4xx_hal_uart.o(i.HAL_UART_TxCpltCallback)
    HardFault_Handler                        0x08001f2f   Thumb Code     2  stm32f4xx_it.o(i.HardFault_Handler)
    MX_DMA_Init                              0x08001f31   Thumb Code    40  dma.o(i.MX_DMA_Init)
    MX_GPIO_Init                             0x08001f5d   Thumb Code   184  gpio.o(i.MX_GPIO_Init)
    MX_TIM1_Init                             0x08002021   Thumb Code    98  tim.o(i.MX_TIM1_Init)
    MX_TIM2_Init                             0x0800208d   Thumb Code   146  tim.o(i.MX_TIM2_Init)
    MX_TIM3_Init                             0x08002125   Thumb Code   142  tim.o(i.MX_TIM3_Init)
    MX_USART2_UART_Init                      0x080021bd   Thumb Code    48  usart.o(i.MX_USART2_UART_Init)
    MemManage_Handler                        0x080021f5   Thumb Code     2  stm32f4xx_it.o(i.MemManage_Handler)
    NMI_Handler                              0x080021f7   Thumb Code     2  stm32f4xx_it.o(i.NMI_Handler)
    PendSV_Handler                           0x080021f9   Thumb Code     2  stm32f4xx_it.o(i.PendSV_Handler)
    Run                                      0x080021fd   Thumb Code   202  ute_ai.o(i.Run)
    SERVO_Caliration                         0x080022f1   Thumb Code    44  servo.o(i.SERVO_Caliration)
    SERVO_Init                               0x0800232d   Thumb Code    34  servo.o(i.SERVO_Init)
    SERVO_Run                                0x08002355   Thumb Code    54  servo.o(i.SERVO_Run)
    SVC_Handler                              0x0800238b   Thumb Code     2  stm32f4xx_it.o(i.SVC_Handler)
    SysTick_Handler                          0x0800238d   Thumb Code     4  stm32f4xx_it.o(i.SysTick_Handler)
    SystemClock_Config                       0x08002391   Thumb Code   134  main.o(i.SystemClock_Config)
    SystemInit                               0x08002421   Thumb Code    12  system_stm32f4xx.o(i.SystemInit)
    TIM1_UP_TIM10_IRQHandler                 0x08002431   Thumb Code     6  stm32f4xx_it.o(i.TIM1_UP_TIM10_IRQHandler)
    TIM_Base_SetConfig                       0x0800243d   Thumb Code   122  stm32f4xx_hal_tim.o(i.TIM_Base_SetConfig)
    TIM_CCxChannelCmd                        0x080024d5   Thumb Code    26  stm32f4xx_hal_tim.o(i.TIM_CCxChannelCmd)
    TIM_ETR_SetConfig                        0x080024ef   Thumb Code    20  stm32f4xx_hal_tim.o(i.TIM_ETR_SetConfig)
    TIM_OC2_SetConfig                        0x08002565   Thumb Code    84  stm32f4xx_hal_tim.o(i.TIM_OC2_SetConfig)
    UART_Start_Receive_DMA                   0x080029cd   Thumb Code   134  stm32f4xx_hal_uart.o(i.UART_Start_Receive_DMA)
    USART2_IRQHandler                        0x08002a61   Thumb Code     6  stm32f4xx_it.o(i.USART2_IRQHandler)
    UsageFault_Handler                       0x08002a6d   Thumb Code     2  stm32f4xx_it.o(i.UsageFault_Handler)
    main                                     0x08002a91   Thumb Code   108  main.o(i.main)
    __aeabi_d2f                              0x08002b11   Thumb Code     0  d2f.o(x$fpl$d2f)
    _d2f                                     0x08002b11   Thumb Code    98  d2f.o(x$fpl$d2f)
    __aeabi_dadd                             0x08002b75   Thumb Code     0  daddsub_clz.o(x$fpl$dadd)
    _dadd                                    0x08002b75   Thumb Code   332  daddsub_clz.o(x$fpl$dadd)
    __fpl_dcmp_Inf                           0x08002cc5   Thumb Code    24  dcmpi.o(x$fpl$dcmpinf)
    __aeabi_cdcmple                          0x08002cdd   Thumb Code     0  dleqf.o(x$fpl$dleqf)
    _dcmple                                  0x08002cdd   Thumb Code   120  dleqf.o(x$fpl$dleqf)
    __fpl_dcmple_InfNaN                      0x08002d3f   Thumb Code     0  dleqf.o(x$fpl$dleqf)
    __aeabi_dmul                             0x08002d55   Thumb Code     0  dmul.o(x$fpl$dmul)
    _dmul                                    0x08002d55   Thumb Code   332  dmul.o(x$fpl$dmul)
    __fpl_dnaninf                            0x08002ea9   Thumb Code   156  dnaninf.o(x$fpl$dnaninf)
    __fpl_dretinf                            0x08002f45   Thumb Code    12  dretinf.o(x$fpl$dretinf)
    __aeabi_cdrcmple                         0x08002f51   Thumb Code     0  drleqf.o(x$fpl$drleqf)
    _drcmple                                 0x08002f51   Thumb Code   108  drleqf.o(x$fpl$drleqf)
    __aeabi_dsub                             0x08002fbd   Thumb Code     0  daddsub_clz.o(x$fpl$dsub)
    _dsub                                    0x08002fbd   Thumb Code   464  daddsub_clz.o(x$fpl$dsub)
    __aeabi_f2d                              0x08003191   Thumb Code     0  f2d.o(x$fpl$f2d)
    _f2d                                     0x08003191   Thumb Code    86  f2d.o(x$fpl$f2d)
    __fpl_fnaninf                            0x080031e7   Thumb Code   140  fnaninf.o(x$fpl$fnaninf)
    _fp_init                                 0x08003273   Thumb Code    10  fpinit.o(x$fpl$fpinit)
    __fplib_config_fpu_vfp                   0x0800327b   Thumb Code     0  fpinit.o(x$fpl$fpinit)
    __fplib_config_pureend_doubles           0x0800327b   Thumb Code     0  fpinit.o(x$fpl$fpinit)
    __fpl_fretinf                            0x0800327d   Thumb Code    10  fretinf.o(x$fpl$fretinf)
    AHBPrescTable                            0x08003286   Data          16  system_stm32f4xx.o(.constdata)
    __I$use$fp                               0x08003286   Number         0  usenofp.o(x$fpl$usenofp)
    APBPrescTable                            0x08003296   Data           8  system_stm32f4xx.o(.constdata)
    Region$$Table$$Base                      0x080032a8   Number         0  anon$$obj.o(Region$$Table)
    Region$$Table$$Limit                     0x080032c8   Number         0  anon$$obj.o(Region$$Table)
    flag_button                              0x20000000   Data           1  main.o(.data)
    receive_angle                            0x20000001   Data           1  main.o(.data)
    receive_speed                            0x20000002   Data           2  main.o(.data)
    rxdata                                   0x20000004   Data           4  main.o(.data)
    Servo                                    0x20000008   Data           8  main.o(.data)
    SystemCoreClock                          0x20000010   Data           4  system_stm32f4xx.o(.data)
    T                                        0x20000018   Data           8  esc.o(.data)
    count                                    0x20000020   Data           8  ute_ai.o(.data)
    uwTickFreq                               0x20000028   Data           1  stm32f4xx_hal.o(.data)
    uwTickPrio                               0x2000002c   Data           4  stm32f4xx_hal.o(.data)
    uwTick                                   0x20000030   Data           4  stm32f4xx_hal.o(.data)
    Esc                                      0x20000034   Data          12  main.o(.bss)
    htim1                                    0x20000040   Data          72  tim.o(.bss)
    htim2                                    0x20000088   Data          72  tim.o(.bss)
    htim3                                    0x200000d0   Data          72  tim.o(.bss)
    huart2                                   0x20000118   Data          68  usart.o(.bss)
    hdma_usart2_rx                           0x2000015c   Data          96  usart.o(.bss)
    __libspace_start                         0x200001bc   Data          96  libspace.o(.bss)
    __temporary_stack_top$libspace           0x2000021c   Data           0  libspace.o(.bss)



==============================================================================

Memory Map of the image

  Image Entry point : 0x08000199

  Load Region LR_IROM1 (Base: 0x08000000, Size: 0x000032fc, Max: 0x00080000, ABSOLUTE)

    Execution Region ER_IROM1 (Base: 0x08000000, Size: 0x000032c8, Max: 0x00080000, ABSOLUTE)

    Base Addr    Size         Type   Attr      Idx    E Section Name        Object

    0x08000000   0x00000198   Data   RO            3    RESET               startup_stm32f411xe.o
    0x08000198   0x00000008   Code   RO         3230  * !!!main             c_w.l(__main.o)
    0x080001a0   0x00000034   Code   RO         3424    !!!scatter          c_w.l(__scatter.o)
    0x080001d4   0x0000001a   Code   RO         3426    !!handler_copy      c_w.l(__scatter_copy.o)
    0x080001ee   0x00000002   PAD
    0x080001f0   0x0000001c   Code   RO         3428    !!handler_zi        c_w.l(__scatter_zi.o)
    0x0800020c   0x00000002   Code   RO         3294    .ARM.Collect$$libinit$$00000000  c_w.l(libinit.o)
    0x0800020e   0x00000004   Code   RO         3306    .ARM.Collect$$libinit$$00000001  c_w.l(libinit2.o)
    0x08000212   0x00000000   Code   RO         3309    .ARM.Collect$$libinit$$00000004  c_w.l(libinit2.o)
    0x08000212   0x00000000   Code   RO         3312    .ARM.Collect$$libinit$$0000000A  c_w.l(libinit2.o)
    0x08000212   0x00000000   Code   RO         3314    .ARM.Collect$$libinit$$0000000C  c_w.l(libinit2.o)
    0x08000212   0x00000000   Code   RO         3316    .ARM.Collect$$libinit$$0000000E  c_w.l(libinit2.o)
    0x08000212   0x00000000   Code   RO         3319    .ARM.Collect$$libinit$$00000011  c_w.l(libinit2.o)
    0x08000212   0x00000000   Code   RO         3321    .ARM.Collect$$libinit$$00000013  c_w.l(libinit2.o)
    0x08000212   0x00000000   Code   RO         3323    .ARM.Collect$$libinit$$00000015  c_w.l(libinit2.o)
    0x08000212   0x00000000   Code   RO         3325    .ARM.Collect$$libinit$$00000017  c_w.l(libinit2.o)
    0x08000212   0x00000000   Code   RO         3327    .ARM.Collect$$libinit$$00000019  c_w.l(libinit2.o)
    0x08000212   0x00000000   Code   RO         3329    .ARM.Collect$$libinit$$0000001B  c_w.l(libinit2.o)
    0x08000212   0x00000000   Code   RO         3331    .ARM.Collect$$libinit$$0000001D  c_w.l(libinit2.o)
    0x08000212   0x00000000   Code   RO         3333    .ARM.Collect$$libinit$$0000001F  c_w.l(libinit2.o)
    0x08000212   0x00000000   Code   RO         3335    .ARM.Collect$$libinit$$00000021  c_w.l(libinit2.o)
    0x08000212   0x00000000   Code   RO         3337    .ARM.Collect$$libinit$$00000023  c_w.l(libinit2.o)
    0x08000212   0x00000000   Code   RO         3339    .ARM.Collect$$libinit$$00000025  c_w.l(libinit2.o)
    0x08000212   0x00000000   Code   RO         3343    .ARM.Collect$$libinit$$0000002C  c_w.l(libinit2.o)
    0x08000212   0x00000000   Code   RO         3345    .ARM.Collect$$libinit$$0000002E  c_w.l(libinit2.o)
    0x08000212   0x00000000   Code   RO         3347    .ARM.Collect$$libinit$$00000030  c_w.l(libinit2.o)
    0x08000212   0x00000000   Code   RO         3349    .ARM.Collect$$libinit$$00000032  c_w.l(libinit2.o)
    0x08000212   0x00000002   Code   RO         3350    .ARM.Collect$$libinit$$00000033  c_w.l(libinit2.o)
    0x08000214   0x00000002   Code   RO         3381    .ARM.Collect$$libshutdown$$00000000  c_w.l(libshutdown.o)
    0x08000216   0x00000000   Code   RO         3407    .ARM.Collect$$libshutdown$$00000002  c_w.l(libshutdown2.o)
    0x08000216   0x00000000   Code   RO         3409    .ARM.Collect$$libshutdown$$00000004  c_w.l(libshutdown2.o)
    0x08000216   0x00000000   Code   RO         3412    .ARM.Collect$$libshutdown$$00000007  c_w.l(libshutdown2.o)
    0x08000216   0x00000000   Code   RO         3415    .ARM.Collect$$libshutdown$$0000000A  c_w.l(libshutdown2.o)
    0x08000216   0x00000000   Code   RO         3417    .ARM.Collect$$libshutdown$$0000000C  c_w.l(libshutdown2.o)
    0x08000216   0x00000000   Code   RO         3420    .ARM.Collect$$libshutdown$$0000000F  c_w.l(libshutdown2.o)
    0x08000216   0x00000002   Code   RO         3421    .ARM.Collect$$libshutdown$$00000010  c_w.l(libshutdown2.o)
    0x08000218   0x00000000   Code   RO         3248    .ARM.Collect$$rtentry$$00000000  c_w.l(__rtentry.o)
    0x08000218   0x00000000   Code   RO         3265    .ARM.Collect$$rtentry$$00000002  c_w.l(__rtentry2.o)
    0x08000218   0x00000006   Code   RO         3277    .ARM.Collect$$rtentry$$00000004  c_w.l(__rtentry4.o)
    0x0800021e   0x00000000   Code   RO         3267    .ARM.Collect$$rtentry$$00000009  c_w.l(__rtentry2.o)
    0x0800021e   0x00000004   Code   RO         3268    .ARM.Collect$$rtentry$$0000000A  c_w.l(__rtentry2.o)
    0x08000222   0x00000000   Code   RO         3270    .ARM.Collect$$rtentry$$0000000C  c_w.l(__rtentry2.o)
    0x08000222   0x00000008   Code   RO         3271    .ARM.Collect$$rtentry$$0000000D  c_w.l(__rtentry2.o)
    0x0800022a   0x00000002   Code   RO         3298    .ARM.Collect$$rtexit$$00000000  c_w.l(rtexit.o)
    0x0800022c   0x00000000   Code   RO         3354    .ARM.Collect$$rtexit$$00000002  c_w.l(rtexit2.o)
    0x0800022c   0x00000004   Code   RO         3355    .ARM.Collect$$rtexit$$00000003  c_w.l(rtexit2.o)
    0x08000230   0x00000006   Code   RO         3356    .ARM.Collect$$rtexit$$00000004  c_w.l(rtexit2.o)
    0x08000236   0x00000002   PAD
    0x08000238   0x00000040   Code   RO            4    .text               startup_stm32f411xe.o
    0x08000278   0x000000ee   Code   RO         3224    .text               c_w.l(lludivv7m.o)
    0x08000366   0x0000004e   Code   RO         3226    .text               c_w.l(rt_memclr_w.o)
    0x080003b4   0x00000006   Code   RO         3228    .text               c_w.l(heapauxi.o)
    0x080003ba   0x0000004a   Code   RO         3281    .text               c_w.l(sys_stackheap_outer.o)
    0x08000404   0x00000012   Code   RO         3283    .text               c_w.l(exit.o)
    0x08000416   0x00000002   PAD
    0x08000418   0x00000008   Code   RO         3295    .text               c_w.l(libspace.o)
    0x08000420   0x0000000c   Code   RO         3351    .text               c_w.l(sys_exit.o)
    0x0800042c   0x00000002   Code   RO         3370    .text               c_w.l(use_no_semi.o)
    0x0800042e   0x00000000   Code   RO         3372    .text               c_w.l(indicate_semi.o)
    0x0800042e   0x00000002   PAD
    0x08000430   0x000000e4   Code   RO          540    i.Acceleration      esc.o
    0x08000514   0x00000002   Code   RO          366    i.BusFault_Handler  stm32f4xx_it.o
    0x08000516   0x00000002   PAD
    0x08000518   0x0000000c   Code   RO          367    i.DMA1_Stream5_IRQHandler  stm32f4xx_it.o
    0x08000524   0x00000028   Code   RO         2171    i.DMA_CalcBaseAndBitshift  stm32f4xx_hal_dma.o
    0x0800054c   0x00000054   Code   RO         2172    i.DMA_CheckFifoParam  stm32f4xx_hal_dma.o
    0x080005a0   0x00000028   Code   RO         2173    i.DMA_SetConfig     stm32f4xx_hal_dma.o
    0x080005c8   0x00000002   Code   RO          368    i.DebugMon_Handler  stm32f4xx_it.o
    0x080005ca   0x00000002   PAD
    0x080005cc   0x0000003c   Code   RO          541    i.ESC_Caliration    esc.o
    0x08000608   0x00000034   Code   RO          542    i.ESC_Init          esc.o
    0x0800063c   0x000000a0   Code   RO          543    i.ESC_Run           esc.o
    0x080006dc   0x00000008   Code   RO          369    i.EXTI15_10_IRQHandler  stm32f4xx_it.o
    0x080006e4   0x00000006   Code   RO          370    i.EXTI4_IRQHandler  stm32f4xx_it.o
    0x080006ea   0x00000008   Code   RO          371    i.EXTI9_5_IRQHandler  stm32f4xx_it.o
    0x080006f2   0x00000004   Code   RO           13    i.Error_Handler     main.o
    0x080006f6   0x00000092   Code   RO         2174    i.HAL_DMA_Abort     stm32f4xx_hal_dma.o
    0x08000788   0x00000024   Code   RO         2175    i.HAL_DMA_Abort_IT  stm32f4xx_hal_dma.o
    0x080007ac   0x000001a0   Code   RO         2179    i.HAL_DMA_IRQHandler  stm32f4xx_hal_dma.o
    0x0800094c   0x000000d4   Code   RO         2180    i.HAL_DMA_Init      stm32f4xx_hal_dma.o
    0x08000a20   0x0000006e   Code   RO         2184    i.HAL_DMA_Start_IT  stm32f4xx_hal_dma.o
    0x08000a8e   0x00000002   PAD
    0x08000a90   0x00000024   Code   RO         2617    i.HAL_Delay         stm32f4xx_hal.o
    0x08000ab4   0x00000024   Code   RO           14    i.HAL_GPIO_EXTI_Callback  main.o
    0x08000ad8   0x00000018   Code   RO         2066    i.HAL_GPIO_EXTI_IRQHandler  stm32f4xx_hal_gpio.o
    0x08000af0   0x000001e0   Code   RO         2067    i.HAL_GPIO_Init     stm32f4xx_hal_gpio.o
    0x08000cd0   0x00000010   Code   RO         2070    i.HAL_GPIO_TogglePin  stm32f4xx_hal_gpio.o
    0x08000ce0   0x0000000a   Code   RO         2071    i.HAL_GPIO_WritePin  stm32f4xx_hal_gpio.o
    0x08000cea   0x00000002   PAD
    0x08000cec   0x0000000c   Code   RO         2623    i.HAL_GetTick       stm32f4xx_hal.o
    0x08000cf8   0x00000010   Code   RO         2629    i.HAL_IncTick       stm32f4xx_hal.o
    0x08000d08   0x00000034   Code   RO         2630    i.HAL_Init          stm32f4xx_hal.o
    0x08000d3c   0x00000040   Code   RO         2631    i.HAL_InitTick      stm32f4xx_hal.o
    0x08000d7c   0x00000030   Code   RO          478    i.HAL_MspInit       stm32f4xx_hal_msp.o
    0x08000dac   0x0000001a   Code   RO         2480    i.HAL_NVIC_EnableIRQ  stm32f4xx_hal_cortex.o
    0x08000dc6   0x00000002   PAD
    0x08000dc8   0x00000040   Code   RO         2486    i.HAL_NVIC_SetPriority  stm32f4xx_hal_cortex.o
    0x08000e08   0x00000024   Code   RO         2487    i.HAL_NVIC_SetPriorityGrouping  stm32f4xx_hal_cortex.o
    0x08000e2c   0x00000134   Code   RO         1659    i.HAL_RCC_ClockConfig  stm32f4xx_hal_rcc.o
    0x08000f60   0x00000020   Code   RO         1666    i.HAL_RCC_GetPCLK1Freq  stm32f4xx_hal_rcc.o
    0x08000f80   0x00000020   Code   RO         1667    i.HAL_RCC_GetPCLK2Freq  stm32f4xx_hal_rcc.o
    0x08000fa0   0x00000060   Code   RO         1668    i.HAL_RCC_GetSysClockFreq  stm32f4xx_hal_rcc.o
    0x08001000   0x0000036c   Code   RO         1671    i.HAL_RCC_OscConfig  stm32f4xx_hal_rcc.o
    0x0800136c   0x00000028   Code   RO         2491    i.HAL_SYSTICK_Config  stm32f4xx_hal_cortex.o
    0x08001394   0x00000002   Code   RO         1391    i.HAL_TIMEx_BreakCallback  stm32f4xx_hal_tim_ex.o
    0x08001396   0x00000002   Code   RO         1392    i.HAL_TIMEx_CommutCallback  stm32f4xx_hal_tim_ex.o
    0x08001398   0x0000007c   Code   RO         1410    i.HAL_TIMEx_MasterConfigSynchronization  stm32f4xx_hal_tim_ex.o
    0x08001414   0x0000005a   Code   RO          687    i.HAL_TIM_Base_Init  stm32f4xx_hal_tim.o
    0x0800146e   0x00000002   PAD
    0x08001470   0x00000070   Code   RO          265    i.HAL_TIM_Base_MspInit  tim.o
    0x080014e0   0x0000006c   Code   RO          692    i.HAL_TIM_Base_Start_IT  stm32f4xx_hal_tim.o
    0x0800154c   0x000000dc   Code   RO          696    i.HAL_TIM_ConfigClockSource  stm32f4xx_hal_tim.o
    0x08001628   0x00000002   Code   RO          721    i.HAL_TIM_IC_CaptureCallback  stm32f4xx_hal_tim.o
    0x0800162a   0x00000166   Code   RO          735    i.HAL_TIM_IRQHandler  stm32f4xx_hal_tim.o
    0x08001790   0x00000078   Code   RO          266    i.HAL_TIM_MspPostInit  tim.o
    0x08001808   0x00000002   Code   RO          738    i.HAL_TIM_OC_DelayElapsedCallback  stm32f4xx_hal_tim.o
    0x0800180a   0x000000cc   Code   RO          759    i.HAL_TIM_PWM_ConfigChannel  stm32f4xx_hal_tim.o
    0x080018d6   0x0000005a   Code   RO          762    i.HAL_TIM_PWM_Init  stm32f4xx_hal_tim.o
    0x08001930   0x00000002   Code   RO          764    i.HAL_TIM_PWM_MspInit  stm32f4xx_hal_tim.o
    0x08001932   0x00000002   Code   RO          765    i.HAL_TIM_PWM_PulseFinishedCallback  stm32f4xx_hal_tim.o
    0x08001934   0x000000b0   Code   RO          767    i.HAL_TIM_PWM_Start  stm32f4xx_hal_tim.o
    0x080019e4   0x00000048   Code   RO           15    i.HAL_TIM_PeriodElapsedCallback  main.o
    0x08001a2c   0x00000002   Code   RO          778    i.HAL_TIM_TriggerCallback  stm32f4xx_hal_tim.o
    0x08001a2e   0x00000056   Code   RO         2877    i.HAL_UARTEx_ReceiveToIdle_DMA  stm32f4xx_hal_uart.o
    0x08001a84   0x0000005c   Code   RO           16    i.HAL_UARTEx_RxEventCallback  main.o
    0x08001ae0   0x00000070   Code   RO         2891    i.HAL_UART_DMAStop  stm32f4xx_hal_uart.o
    0x08001b50   0x00000040   Code   RO           17    i.HAL_UART_ErrorCallback  main.o
    0x08001b90   0x00000268   Code   RO         2896    i.HAL_UART_IRQHandler  stm32f4xx_hal_uart.o
    0x08001df8   0x00000062   Code   RO         2897    i.HAL_UART_Init     stm32f4xx_hal_uart.o
    0x08001e5a   0x00000002   PAD
    0x08001e5c   0x000000cc   Code   RO          325    i.HAL_UART_MspInit  usart.o
    0x08001f28   0x00000002   Code   RO         2903    i.HAL_UART_RxCpltCallback  stm32f4xx_hal_uart.o
    0x08001f2a   0x00000002   Code   RO         2904    i.HAL_UART_RxHalfCpltCallback  stm32f4xx_hal_uart.o
    0x08001f2c   0x00000002   Code   RO         2908    i.HAL_UART_TxCpltCallback  stm32f4xx_hal_uart.o
    0x08001f2e   0x00000002   Code   RO          372    i.HardFault_Handler  stm32f4xx_it.o
    0x08001f30   0x0000002c   Code   RO          240    i.MX_DMA_Init       dma.o
    0x08001f5c   0x000000c4   Code   RO          216    i.MX_GPIO_Init      gpio.o
    0x08002020   0x0000006c   Code   RO          267    i.MX_TIM1_Init      tim.o
    0x0800208c   0x00000098   Code   RO          268    i.MX_TIM2_Init      tim.o
    0x08002124   0x00000098   Code   RO          269    i.MX_TIM3_Init      tim.o
    0x080021bc   0x00000038   Code   RO          326    i.MX_USART2_UART_Init  usart.o
    0x080021f4   0x00000002   Code   RO          373    i.MemManage_Handler  stm32f4xx_it.o
    0x080021f6   0x00000002   Code   RO          374    i.NMI_Handler       stm32f4xx_it.o
    0x080021f8   0x00000002   Code   RO          375    i.PendSV_Handler    stm32f4xx_it.o
    0x080021fa   0x00000002   PAD
    0x080021fc   0x000000f4   Code   RO          654    i.Run               ute_ai.o
    0x080022f0   0x0000003c   Code   RO          588    i.SERVO_Caliration  servo.o
    0x0800232c   0x00000028   Code   RO          589    i.SERVO_Init        servo.o
    0x08002354   0x00000036   Code   RO          590    i.SERVO_Run         servo.o
    0x0800238a   0x00000002   Code   RO          376    i.SVC_Handler       stm32f4xx_it.o
    0x0800238c   0x00000004   Code   RO          377    i.SysTick_Handler   stm32f4xx_it.o
    0x08002390   0x00000090   Code   RO           18    i.SystemClock_Config  main.o
    0x08002420   0x00000010   Code   RO          503    i.SystemInit        system_stm32f4xx.o
    0x08002430   0x0000000c   Code   RO          378    i.TIM1_UP_TIM10_IRQHandler  stm32f4xx_it.o
    0x0800243c   0x00000098   Code   RO          780    i.TIM_Base_SetConfig  stm32f4xx_hal_tim.o
    0x080024d4   0x0000001a   Code   RO          781    i.TIM_CCxChannelCmd  stm32f4xx_hal_tim.o
    0x080024ee   0x00000014   Code   RO          791    i.TIM_ETR_SetConfig  stm32f4xx_hal_tim.o
    0x08002502   0x00000010   Code   RO          792    i.TIM_ITRx_SetConfig  stm32f4xx_hal_tim.o
    0x08002512   0x00000002   PAD
    0x08002514   0x00000050   Code   RO          793    i.TIM_OC1_SetConfig  stm32f4xx_hal_tim.o
    0x08002564   0x00000058   Code   RO          794    i.TIM_OC2_SetConfig  stm32f4xx_hal_tim.o
    0x080025bc   0x00000058   Code   RO          795    i.TIM_OC3_SetConfig  stm32f4xx_hal_tim.o
    0x08002614   0x00000044   Code   RO          796    i.TIM_OC4_SetConfig  stm32f4xx_hal_tim.o
    0x08002658   0x00000022   Code   RO          798    i.TIM_TI1_ConfigInputStage  stm32f4xx_hal_tim.o
    0x0800267a   0x00000024   Code   RO          800    i.TIM_TI2_ConfigInputStage  stm32f4xx_hal_tim.o
    0x0800269e   0x00000010   Code   RO         2910    i.UART_DMAAbortOnError  stm32f4xx_hal_uart.o
    0x080026ae   0x0000004a   Code   RO         2911    i.UART_DMAError     stm32f4xx_hal_uart.o
    0x080026f8   0x00000082   Code   RO         2912    i.UART_DMAReceiveCplt  stm32f4xx_hal_uart.o
    0x0800277a   0x0000001a   Code   RO         2914    i.UART_DMARxHalfCplt  stm32f4xx_hal_uart.o
    0x08002794   0x0000004e   Code   RO         2920    i.UART_EndRxTransfer  stm32f4xx_hal_uart.o
    0x080027e2   0x0000001c   Code   RO         2921    i.UART_EndTxTransfer  stm32f4xx_hal_uart.o
    0x080027fe   0x000000c0   Code   RO         2922    i.UART_Receive_IT   stm32f4xx_hal_uart.o
    0x080028be   0x00000002   PAD
    0x080028c0   0x0000010c   Code   RO         2923    i.UART_SetConfig    stm32f4xx_hal_uart.o
    0x080029cc   0x00000094   Code   RO         2924    i.UART_Start_Receive_DMA  stm32f4xx_hal_uart.o
    0x08002a60   0x0000000c   Code   RO          379    i.USART2_IRQHandler  stm32f4xx_it.o
    0x08002a6c   0x00000002   Code   RO          380    i.UsageFault_Handler  stm32f4xx_it.o
    0x08002a6e   0x00000020   Code   RO         2493    i.__NVIC_SetPriority  stm32f4xx_hal_cortex.o
    0x08002a8e   0x00000002   PAD
    0x08002a90   0x00000080   Code   RO           19    i.main              main.o
    0x08002b10   0x00000062   Code   RO         3232    x$fpl$d2f           fz_wm.l(d2f.o)
    0x08002b72   0x00000002   PAD
    0x08002b74   0x00000150   Code   RO         3234    x$fpl$dadd          fz_wm.l(daddsub_clz.o)
    0x08002cc4   0x00000018   Code   RO         3253    x$fpl$dcmpinf       fz_wm.l(dcmpi.o)
    0x08002cdc   0x00000078   Code   RO         3240    x$fpl$dleqf         fz_wm.l(dleqf.o)
    0x08002d54   0x00000154   Code   RO         3242    x$fpl$dmul          fz_wm.l(dmul.o)
    0x08002ea8   0x0000009c   Code   RO         3255    x$fpl$dnaninf       fz_wm.l(dnaninf.o)
    0x08002f44   0x0000000c   Code   RO         3257    x$fpl$dretinf       fz_wm.l(dretinf.o)
    0x08002f50   0x0000006c   Code   RO         3244    x$fpl$drleqf        fz_wm.l(drleqf.o)
    0x08002fbc   0x000001d4   Code   RO         3236    x$fpl$dsub          fz_wm.l(daddsub_clz.o)
    0x08003190   0x00000056   Code   RO         3246    x$fpl$f2d           fz_wm.l(f2d.o)
    0x080031e6   0x0000008c   Code   RO         3259    x$fpl$fnaninf       fz_wm.l(fnaninf.o)
    0x08003272   0x0000000a   Code   RO         3366    x$fpl$fpinit        fz_wm.l(fpinit.o)
    0x0800327c   0x0000000a   Code   RO         3261    x$fpl$fretinf       fz_wm.l(fretinf.o)
    0x08003286   0x00000000   Code   RO         3263    x$fpl$usenofp       fz_wm.l(usenofp.o)
    0x08003286   0x00000010   Data   RO          504    .constdata          system_stm32f4xx.o
    0x08003296   0x00000008   Data   RO          505    .constdata          system_stm32f4xx.o
    0x0800329e   0x00000008   Data   RO         2186    .constdata          stm32f4xx_hal_dma.o
    0x080032a6   0x00000002   PAD
    0x080032a8   0x00000020   Data   RO         3422    Region$$Table       anon$$obj.o


    Execution Region RW_IRAM1 (Base: 0x20000000, Size: 0x00000820, Max: 0x00020000, ABSOLUTE)

    Base Addr    Size         Type   Attr      Idx    E Section Name        Object

    0x20000000   0x00000010   Data   RW           21    .data               main.o
    0x20000010   0x00000004   Data   RW          506    .data               system_stm32f4xx.o
    0x20000014   0x00000004   PAD
    0x20000018   0x00000008   Data   RW          544    .data               esc.o
    0x20000020   0x00000008   Data   RW          656    .data               ute_ai.o
    0x20000028   0x0000000c   Data   RW         2637    .data               stm32f4xx_hal.o
    0x20000034   0x0000000c   Zero   RW           20    .bss                main.o
    0x20000040   0x000000d8   Zero   RW          270    .bss                tim.o
    0x20000118   0x000000a4   Zero   RW          327    .bss                usart.o
    0x200001bc   0x00000060   Zero   RW         3296    .bss                c_w.l(libspace.o)
    0x2000021c   0x00000004   PAD
    0x20000220   0x00000200   Zero   RW            2    HEAP                startup_stm32f411xe.o
    0x20000420   0x00000400   Zero   RW            1    STACK               startup_stm32f411xe.o


==============================================================================

Image component sizes


      Code (inc. data)   RO Data    RW Data    ZI Data      Debug   Object Name

        44          4          0          0          0        814   dma.o
       500         34          0          8          0       4161   esc.o
       196         12          0          0          0        999   gpio.o
       540         86          0         16         12     425630   main.o
       154         22          0          0          0       2684   servo.o
        64         26        408          0       1536        864   startup_stm32f411xe.o
       180         28          0         12          0       9421   stm32f4xx_hal.o
       198         14          0          0          0      34055   stm32f4xx_hal_cortex.o
      1084         16          8          0          0       7518   stm32f4xx_hal_dma.o
       530         40          0          0          0       3540   stm32f4xx_hal_gpio.o
        48          6          0          0          0        894   stm32f4xx_hal_msp.o
      1344         72          0          0          0       5356   stm32f4xx_hal_rcc.o
      1864         90          0          0          0      17126   stm32f4xx_hal_tim.o
       128         20          0          0          0       2529   stm32f4xx_hal_tim_ex.o
      1878         30          0          0          0      13271   stm32f4xx_hal_uart.o
        78         18          0          0          0       7282   stm32f4xx_it.o
        16          4         24          4          0       1187   system_stm32f4xx.o
       644         54          0          0        216       4094   tim.o
       260         28          0          0        164       1897   usart.o
       244         42          0          8          0       1573   ute_ai.o

    ----------------------------------------------------------------------
     10016        646        474         52       1928     544895   Object Totals
         0          0         32          0          0          0   (incl. Generated)
        22          0          2          4          0          0   (incl. Padding)

    ----------------------------------------------------------------------

      Code (inc. data)   RO Data    RW Data    ZI Data      Debug   Library Member Name

         8          0          0          0          0         68   __main.o
         0          0          0          0          0          0   __rtentry.o
        12          0          0          0          0          0   __rtentry2.o
         6          0          0          0          0          0   __rtentry4.o
        52          8          0          0          0          0   __scatter.o
        26          0          0          0          0          0   __scatter_copy.o
        28          0          0          0          0          0   __scatter_zi.o
        18          0          0          0          0         80   exit.o
         6          0          0          0          0        152   heapauxi.o
         0          0          0          0          0          0   indicate_semi.o
         2          0          0          0          0          0   libinit.o
         6          0          0          0          0          0   libinit2.o
         2          0          0          0          0          0   libshutdown.o
         2          0          0          0          0          0   libshutdown2.o
         8          4          0          0         96         68   libspace.o
       238          0          0          0          0        100   lludivv7m.o
        78          0          0          0          0         80   rt_memclr_w.o
         2          0          0          0          0          0   rtexit.o
        10          0          0          0          0          0   rtexit2.o
        12          4          0          0          0         68   sys_exit.o
        74          0          0          0          0         80   sys_stackheap_outer.o
         2          0          0          0          0         68   use_no_semi.o
        98          4          0          0          0        140   d2f.o
       804         16          0          0          0        368   daddsub_clz.o
        24          0          0          0          0        116   dcmpi.o
       120          4          0          0          0        140   dleqf.o
       340         12          0          0          0        152   dmul.o
       156          4          0          0          0        140   dnaninf.o
        12          0          0          0          0        116   dretinf.o
       108          0          0          0          0        128   drleqf.o
        86          4          0          0          0        132   f2d.o
       140          4          0          0          0        132   fnaninf.o
        10          0          0          0          0        116   fpinit.o
        10          0          0          0          0        116   fretinf.o
         0          0          0          0          0          0   usenofp.o

    ----------------------------------------------------------------------
      2510         64          0          0        100       2560   Library Totals
        10          0          0          0          4          0   (incl. Padding)

    ----------------------------------------------------------------------

      Code (inc. data)   RO Data    RW Data    ZI Data      Debug   Library Name

       592         16          0          0         96        764   c_w.l
      1908         48          0          0          0       1796   fz_wm.l

    ----------------------------------------------------------------------
      2510         64          0          0        100       2560   Library Totals

    ----------------------------------------------------------------------

==============================================================================


      Code (inc. data)   RO Data    RW Data    ZI Data      Debug   

     12526        710        474         52       2028     535795   Grand Totals
     12526        710        474         52       2028     535795   ELF Image Totals
     12526        710        474         52          0          0   ROM Totals

==============================================================================

    Total RO  Size (Code + RO Data)                13000 (  12.70kB)
    Total RW  Size (RW Data + ZI Data)              2080 (   2.03kB)
    Total ROM Size (Code + RO Data + RW Data)      13052 (  12.75kB)

==============================================================================

